This is pdfTeX, Version 3.141592653-2.6-1.40.24 (MiKTeX 22.1) (preloaded format=pdflatex 2026.7.9)  9 OCT 2026 10:40
entering extended mode
 restricted \write18 enabled.
 %&-line parsing enabled.
**./main.tex
(main.tex
LaTeX2e <2026-06-01>
L3 programming layer <2026-06-18>
(sn-jnl.cls
Document Class: sn-jnl 2019/11/18 v0.1: An authoring template for Springer Jour
nal articles

(/Users/natalieyyyyy/Library/Application Support/MiKTeX/texmfs/install/tex/late
x/base/article.cls
Document Class: article 2025/01/22 v1.4n Standard LaTeX document class

(/Users/natalieyyyyy/Library/Application Support/MiKTeX/texmfs/install/tex/late
x/base/fleqn.clo
File: fleqn.clo 2016/12/29 v1.2b Standard LaTeX option (flush left equations)
\mathindent=\skip49
Applying: [2015/01/01] Make \[ robust on input line 50.
LaTeX Info: Redefining \[ on input line 51.
Already applied: [0000/00/00] Make \[ robust on input line 62.
Applying: [2015/01/01] Make \] robust on input line 74.
LaTeX Info: Redefining \] on input line 75.
Already applied: [0000/00/00] Make \] robust on input line 83.
)
(/Users/natalieyyyyy/Library/Application Support/MiKTeX/texmfs/install/tex/late
x/base/size10.clo
File: size10.clo 2025/01/22 v1.4n Standard LaTeX file (size option)
)
\c@part=\count276
\c@section=\count277
\c@subsection=\count278
\c@subsubsection=\count279
\c@paragraph=\count280
\c@subparagraph=\count281
\c@figure=\count282
\c@table=\count283
\abovecaptionskip=\skip50
\belowcaptionskip=\skip51
\bibindent=\dimen150
)
LaTeX Info: Redefining \rm on input line 146.
LaTeX Info: Redefining \sf on input line 147.
LaTeX Info: Redefining \tt on input line 148.
LaTeX Info: Redefining \bf on input line 149.
LaTeX Info: Redefining \it on input line 150.
LaTeX Info: Redefining \sl on input line 151.
LaTeX Info: Redefining \sc on input line 152.
LaTeX Info: Redefining \cal on input line 153.
LaTeX Info: Redefining \mit on input line 154.
LaTeX Info: Redefining \textsubscript on input line 212.
\columnhsize=\skip52

(/Users/natalieyyyyy/Library/Application Support/MiKTeX/texmfs/install/tex/late
x/geometry/geometry.sty
Package: geometry 2026/03/07 v6.0 Page Geometry

(/Users/natalieyyyyy/Library/Application Support/MiKTeX/texmfs/install/tex/late
x/graphics/keyval.sty
Package: keyval 2026-05-17 v1.15 key=value parser (DPC)
\KV@toks@=\toks17
)
(/Users/natalieyyyyy/Library/Application Support/MiKTeX/texmfs/install/tex/gene
ric/iftex/ifvtex.sty
Package: ifvtex 2019/10/25 v1.7 ifvtex legacy package. Use iftex instead.

(/Users/natalieyyyyy/Library/Application Support/MiKTeX/texmfs/install/tex/gene
ric/iftex/iftex.sty
Package: iftex 2024/12/12 v1.0g TeX engine tests
))
\Gm@cnth=\count284
\Gm@cntv=\count285
\c@Gm@tempcnt=\count286
\Gm@bindingoffset=\dimen151
\Gm@wd@mp=\dimen152
\Gm@odd@mp=\dimen153
\Gm@even@mp=\dimen154
\Gm@layoutwidth=\dimen155
\Gm@layoutheight=\dimen156
\Gm@layouthoffset=\dimen157
\Gm@layoutvoffset=\dimen158
\Gm@dimlist=\toks18

(/Users/natalieyyyyy/Library/Application Support/MiKTeX/texmfs/install/tex/late
x/geometry/geometry.cfg))
\artcatbox=\box53
\aucount=\count287
\corraucount=\count288
\punctcount=\count289
\emailcnt=\count290
\c@affn=\count291
\addcount=\count292
\PacsCount=\count293
\PacsTmpCnt=\count294
\FMremarkdim=\dimen159
\fmremarkbox=\box54

(/Users/natalieyyyyy/Library/Application Support/MiKTeX/texmfs/install/tex/late
x/sttools/cuted.sty
Package: cuted 2025/12/15 v2.10 Mixing onecolumn and twocolumn modes (ST)
\At@ViperColsBreak=\toks19
\preCutedStrip=\toks20
\postCutedStrip=\toks21
\cuted@@tempbox@a=\box55
\cuted@@tempbox@c=\box56
\cuted@@tempbox@var=\box57
\hold@viper=\box58
\@viper=\box59
\cuted@@varbox@a=\box60
\cuted@@varbox@c=\box61
\cuted@@tempdim@spread=\dimen160
\cuted@@tempdim@a=\dimen161
\cuted@@tempdim@b=\dimen162
\ht@hold@viper=\dimen163
\ht@viper=\dimen164
\var@@pagediscards@ht=\dimen165
\stripsep=\skip53
\viper@penalty=\count295
\strip@page@discards=\dimen166
)
\firstpagehtcheck=\dimen167
\labelwidthi=\dimen168
\labelwidthii=\dimen169
\labelwidthiii=\dimen170
\labelwidthiv=\dimen171
\figwidth=\dimen172
\figheight=\dimen173
\sidecapwidth=\dimen174
\wrapcapline=\dimen175
\totalwrapline=\dimen176
\wraptotline=\dimen177
\figurebox=\box62
\wrapfigcapbox=\box63
\figcapbox=\box64
\capbox=\box65
\headwidthskip=\skip54
\tabcapbox=\box66
\temptbox=\box67
\tempdime=\dimen178
\tabhtdime=\dimen179

(/Users/natalieyyyyy/Library/Application Support/MiKTeX/texmfs/install/tex/late
x/graphics/rotating.sty
Package: rotating 2026-05-17 v2.16e rotated objects in LaTeX

(/Users/natalieyyyyy/Library/Application Support/MiKTeX/texmfs/install/tex/late
x/graphics/graphicx.sty
Package: graphicx 2026-05-17 v1.2e Enhanced LaTeX Graphics (DPC,SPQR)

(/Users/natalieyyyyy/Library/Application Support/MiKTeX/texmfs/install/tex/late
x/graphics/graphics.sty
Package: graphics 2026-05-17 v1.4h Standard LaTeX Graphics (DPC,SPQR)

(/Users/natalieyyyyy/Library/Application Support/MiKTeX/texmfs/install/tex/late
x/graphics/trig.sty
Package: trig 2023/12/02 v1.11 sin cos tan (DPC)
)
(/Users/natalieyyyyy/Library/Application Support/MiKTeX/texmfs/install/tex/late
x/graphics-cfg/graphics.cfg
File: graphics.cfg 2016/06/04 v1.11 sample graphics configuration
)
Package graphics Info: Driver file: pdftex.def on input line 106.

(/Users/natalieyyyyy/Library/Application Support/MiKTeX/texmfs/install/tex/late
x/graphics-def/pdftex.def
File: pdftex.def 2025/09/29 v1.2d Graphics/color driver for pdftex
))
\Gin@req@height=\dimen180
\Gin@req@width=\dimen181
)
(/Users/natalieyyyyy/Library/Application Support/MiKTeX/texmfs/install/tex/late
x/base/ifthen.sty
Package: ifthen 2024/03/16 v1.1e Standard LaTeX ifthen package (DPC)
)
\c@r@tfl@t=\count296
\rotFPtop=\skip55
\rotFPbot=\skip56
\rot@float@box=\box68
\rot@mess@toks=\toks22
)
(/Users/natalieyyyyy/Library/Application Support/MiKTeX/texmfs/install/tex/late
x/threeparttable/threeparttable.sty
Package: threeparttable 2003/06/13  v 3.0
\@tempboxb=\box69
)
(/Users/natalieyyyyy/Library/Application Support/MiKTeX/texmfs/install/tex/late
x/appendix/appendix.sty
Package: appendix 2020/02/08 v1.2c extra appendix facilities
\c@@pps=\count297
\c@@ppsavesec=\count298
\c@@ppsaveapp=\count299
)
(/Users/natalieyyyyy/Library/Application Support/MiKTeX/texmfs/install/tex/late
x/hyperref/hyperref.sty
Package: hyperref 2026-06-17 v7.01r Hypertext links for LaTeX

(/Users/natalieyyyyy/Library/Application Support/MiKTeX/texmfs/install/tex/late
x/kvsetkeys/kvsetkeys.sty
Package: kvsetkeys 2022-10-05 v1.19 Key value parser (HO)
)
(/Users/natalieyyyyy/Library/Application Support/MiKTeX/texmfs/install/tex/gene
ric/kvdefinekeys/kvdefinekeys.sty
Package: kvdefinekeys 2019-12-19 v1.6 Define keys (HO)
)
(/Users/natalieyyyyy/Library/Application Support/MiKTeX/texmfs/install/tex/gene
ric/pdfescape/pdfescape.sty
Package: pdfescape 2019/12/09 v1.15 Implements pdfTeX's escape features (HO)

(/Users/natalieyyyyy/Library/Application Support/MiKTeX/texmfs/install/tex/gene
ric/ltxcmds/ltxcmds.sty
Package: ltxcmds 2023-12-04 v1.26 LaTeX kernel commands for general use (HO)
)
(/Users/natalieyyyyy/Library/Application Support/MiKTeX/texmfs/install/tex/gene
ric/pdftexcmds/pdftexcmds.sty
Package: pdftexcmds 2020-06-27 v0.33 Utility functions of pdfTeX for LuaTeX (HO
)

(/Users/natalieyyyyy/Library/Application Support/MiKTeX/texmfs/install/tex/gene
ric/infwarerr/infwarerr.sty
Package: infwarerr 2019/12/03 v1.5 Providing info/warning/error messages (HO)
)
Package pdftexcmds Info: \pdf@primitive is available.
Package pdftexcmds Info: \pdf@ifprimitive is available.
Package pdftexcmds Info: \pdfdraftmode found.
))
(/Users/natalieyyyyy/Library/Application Support/MiKTeX/texmfs/install/tex/late
x/hycolor/hycolor.sty
Package: hycolor 2020-01-27 v1.10 Color options for hyperref/bookmark (HO)
)
(/Users/natalieyyyyy/Library/Application Support/MiKTeX/texmfs/install/tex/late
x/hyperref/nameref.sty
Package: nameref 2026-01-29 v2.58 Cross-referencing by name of section

(/Users/natalieyyyyy/Library/Application Support/MiKTeX/texmfs/install/tex/late
x/refcount/refcount.sty
Package: refcount 2019/12/15 v3.6 Data extraction from label references (HO)
)
(/Users/natalieyyyyy/Library/Application Support/MiKTeX/texmfs/install/tex/gene
ric/gettitlestring/gettitlestring.sty
Package: gettitlestring 2019/12/15 v1.6 Cleanup title references (HO)

(/Users/natalieyyyyy/Library/Application Support/MiKTeX/texmfs/install/tex/late
x/kvoptions/kvoptions.sty
Package: kvoptions 2022-06-15 v3.15 Key value format for package options (HO)
))
\c@section@level=\count300
)
(/Users/natalieyyyyy/Library/Application Support/MiKTeX/texmfs/install/tex/late
x/etoolbox/etoolbox.sty
Package: etoolbox 2025/10/02 v2.5m e-TeX tools for LaTeX (JAW)
\etb@tempcnta=\count301
)
(/Users/natalieyyyyy/Library/Application Support/MiKTeX/texmfs/install/tex/gene
ric/stringenc/stringenc.sty
Package: stringenc 2019/11/29 v1.12 Convert strings between diff. encodings (HO
)
)
\@linkdim=\dimen182
\Hy@linkcounter=\count302
\Hy@pagecounter=\count303

(/Users/natalieyyyyy/Library/Application Support/MiKTeX/texmfs/install/tex/late
x/hyperref/pd1enc.def
File: pd1enc.def 2026-06-17 v7.01r Hyperref: PDFDocEncoding definition (HO)
Now handling font encoding PD1 ...
... no UTF-8 mapping file for font encoding PD1
)
(/Users/natalieyyyyy/Library/Application Support/MiKTeX/texmfs/install/tex/gene
ric/intcalc/intcalc.sty
Package: intcalc 2019/12/15 v1.3 Expandable calculations with integers (HO)
)
\Hy@SavedSpaceFactor=\count304

(/Users/natalieyyyyy/Library/Application Support/MiKTeX/texmfs/install/tex/late
x/hyperref/puenc.def
File: puenc.def 2026-06-17 v7.01r Hyperref: PDF Unicode definition (HO)
Now handling font encoding PU ...
... no UTF-8 mapping file for font encoding PU
)
Package hyperref Info: Hyper figures OFF on input line 4199.
Package hyperref Info: Link nesting OFF on input line 4204.
Package hyperref Info: Hyper index ON on input line 4207.
Package hyperref Info: Plain pages OFF on input line 4214.
Package hyperref Info: Backreferencing OFF on input line 4219.
Package hyperref Info: Implicit mode ON; LaTeX internals redefined.
Package hyperref Info: Bookmarks ON on input line 4466.
\c@Hy@tempcnt=\count305

(/Users/natalieyyyyy/Library/Application Support/MiKTeX/texmfs/install/tex/late
x/url/url.sty
\Urlmuskip=\muskip17
Package: url 2013/09/16  ver 3.4  Verb mode for urls, etc.
)
LaTeX Info: Redefining \url on input line 4805.
\XeTeXLinkMargin=\dimen183

(/Users/natalieyyyyy/Library/Application Support/MiKTeX/texmfs/install/tex/gene
ric/bitset/bitset.sty
Package: bitset 2019/12/09 v1.3 Handle bit-vector datatype (HO)

(/Users/natalieyyyyy/Library/Application Support/MiKTeX/texmfs/install/tex/gene
ric/bigintcalc/bigintcalc.sty
Package: bigintcalc 2019/12/15 v1.5 Expandable calculations on big integers (HO
)
))
\Fld@menulength=\count306
\Field@Width=\dimen184
\Fld@charsize=\dimen185
Package hyperref Info: Hyper figures OFF on input line 6091.
Package hyperref Info: Link nesting OFF on input line 6096.
Package hyperref Info: Hyper index ON on input line 6099.
Package hyperref Info: backreferencing OFF on input line 6106.
Package hyperref Info: Link coloring OFF on input line 6111.
Package hyperref Info: Link coloring with OCG OFF on input line 6116.
Package hyperref Info: PDF/A mode OFF on input line 6121.
\Hy@abspage=\count307
\c@Item=\count308
\c@Hfootnote=\count309
)
Package hyperref Info: Driver (autodetected): hpdftex.

(/Users/natalieyyyyy/Library/Application Support/MiKTeX/texmfs/install/tex/late
x/hyperref/hpdftex.def
File: hpdftex.def 2026-06-17 v7.01r Hyperref driver for pdfTeX
\Fld@listcount=\count310
\c@bookmark@seq@number=\count311

(/Users/natalieyyyyy/Library/Application Support/MiKTeX/texmfs/install/tex/late
x/rerunfilecheck/rerunfilecheck.sty
Package: rerunfilecheck 2025-06-21 v1.11 Rerun checks for auxiliary files (HO)

(/Users/natalieyyyyy/Library/Application Support/MiKTeX/texmfs/install/tex/gene
ric/uniquecounter/uniquecounter.sty
Package: uniquecounter 2019/12/15 v1.4 Provide unlimited unique counter (HO)
)
Package uniquecounter Info: New unique counter `rerunfilecheck' on input line 2
84.
)
\Hy@SectionHShift=\skip57
)
Package hyperref Info: Option `colorlinks' set `true' on input line 1471.
Package hyperref Info: Option `breaklinks' set `true' on input line 1471.
Package hyperref Info: Option `plainpages' set `false' on input line 1471.
Package hyperref Info: Option `bookmarksopen' set `true' on input line 1471.
Package hyperref Info: Option `bookmarksnumbered' set `false' on input line 147
1.

(/Users/natalieyyyyy/Library/Application Support/MiKTeX/texmfs/install/tex/late
x/wrapfig/wrapfig.sty
\wrapoverhang=\dimen186
\WF@size=\dimen187
\c@WF@wrappedlines=\count312
\WF@box=\box70
\WF@everypar=\toks23
Package: wrapfig 2003/01/31  v 3.6
)
\wraplines=\count313
\@authorfigbox=\box71
\@authorfigboxdim=\skip58
\biofigadjskip=\skip59

(/Users/natalieyyyyy/Library/Application Support/MiKTeX/texmfs/install/tex/late
x/amscls/amsthm.sty
Package: amsthm 2020/05/29 v2.20.6
\thm@style=\toks24
\thm@bodyfont=\toks25
\thm@headfont=\toks26
\thm@notefont=\toks27
\thm@headpunct=\toks28
\thm@preskip=\skip60
\thm@postskip=\skip61
\thm@headsep=\skip62
\dth@everypar=\toks29
)
(/Users/natalieyyyyy/Library/Application Support/MiKTeX/texmfs/install/tex/late
x/base/fix-cm.sty
Package: fix-cm 2020/11/24 v1.1t fixes to LaTeX

(/Users/natalieyyyyy/Library/Application Support/MiKTeX/texmfs/install/tex/late
x/base/ts1enc.def
File: ts1enc.def 2001/06/05 v3.0e (jk/car/fm) Standard LaTeX file
LaTeX Font Info:    Redeclaring font encoding TS1 on input line 47.
LaTeX Encoding Info:    Redeclaring text command \capitalcedilla (encoding TS1)
 on input line 49.
LaTeX Encoding Info:    Redeclaring text command \capitalogonek (encoding TS1) 
on input line 52.
LaTeX Encoding Info:    Redeclaring text command \capitalgrave (encoding TS1) o
n input line 55.
LaTeX Encoding Info:    Redeclaring text command \capitalacute (encoding TS1) o
n input line 56.
LaTeX Encoding Info:    Redeclaring text command \capitalcircumflex (encoding T
S1) on input line 57.
LaTeX Encoding Info:    Redeclaring text command \capitaltilde (encoding TS1) o
n input line 58.
LaTeX Encoding Info:    Redeclaring text command \capitaldieresis (encoding TS1
) on input line 59.
LaTeX Encoding Info:    Redeclaring text command \capitalhungarumlaut (encoding
 TS1) on input line 60.
LaTeX Encoding Info:    Redeclaring text command \capitalring (encoding TS1) on
 input line 61.
LaTeX Encoding Info:    Redeclaring text command \capitalcaron (encoding TS1) o
n input line 62.
LaTeX Encoding Info:    Redeclaring text command \capitalbreve (encoding TS1) o
n input line 63.
LaTeX Encoding Info:    Redeclaring text command \capitalmacron (encoding TS1) 
on input line 64.
LaTeX Encoding Info:    Redeclaring text command \capitaldotaccent (encoding TS
1) on input line 65.
LaTeX Encoding Info:    Redeclaring text command \t (encoding TS1) on input lin
e 66.
LaTeX Encoding Info:    Redeclaring text command \capitaltie (encoding TS1) on 
input line 67.
LaTeX Encoding Info:    Redeclaring text command \newtie (encoding TS1) on inpu
t line 68.
LaTeX Encoding Info:    Redeclaring text command \capitalnewtie (encoding TS1) 
on input line 69.
LaTeX Encoding Info:    Redeclaring text symbol \textcapitalcompwordmark (encod
ing TS1) on input line 70.
LaTeX Encoding Info:    Redeclaring text symbol \textascendercompwordmark (enco
ding TS1) on input line 71.
LaTeX Encoding Info:    Redeclaring text symbol \textquotestraightbase (encodin
g TS1) on input line 72.
LaTeX Encoding Info:    Redeclaring text symbol \textquotestraightdblbase (enco
ding TS1) on input line 73.
LaTeX Encoding Info:    Redeclaring text symbol \texttwelveudash (encoding TS1)
 on input line 74.
LaTeX Encoding Info:    Redeclaring text symbol \textthreequartersemdash (encod
ing TS1) on input line 75.
LaTeX Encoding Info:    Redeclaring text symbol \textleftarrow (encoding TS1) o
n input line 76.
LaTeX Encoding Info:    Redeclaring text symbol \textrightarrow (encoding TS1) 
on input line 77.
LaTeX Encoding Info:    Redeclaring text symbol \textblank (encoding TS1) on in
put line 78.
LaTeX Encoding Info:    Redeclaring text symbol \textdollar (encoding TS1) on i
nput line 79.
LaTeX Encoding Info:    Redeclaring text symbol \textquotesingle (encoding TS1)
 on input line 80.
LaTeX Encoding Info:    Redeclaring text command \textasteriskcentered (encodin
g TS1) on input line 81.
LaTeX Encoding Info:    Redeclaring text symbol \textdblhyphen (encoding TS1) o
n input line 92.
LaTeX Encoding Info:    Redeclaring text symbol \textfractionsolidus (encoding 
TS1) on input line 93.
LaTeX Encoding Info:    Redeclaring text symbol \textzerooldstyle (encoding TS1
) on input line 94.
LaTeX Encoding Info:    Redeclaring text symbol \textoneoldstyle (encoding TS1)
 on input line 95.
LaTeX Encoding Info:    Redeclaring text symbol \texttwooldstyle (encoding TS1)
 on input line 96.
LaTeX Encoding Info:    Redeclaring text symbol \textthreeoldstyle (encoding TS
1) on input line 97.
LaTeX Encoding Info:    Redeclaring text symbol \textfouroldstyle (encoding TS1
) on input line 98.
LaTeX Encoding Info:    Redeclaring text symbol \textfiveoldstyle (encoding TS1
) on input line 99.
LaTeX Encoding Info:    Redeclaring text symbol \textsixoldstyle (encoding TS1)
 on input line 100.
LaTeX Encoding Info:    Redeclaring text symbol \textsevenoldstyle (encoding TS
1) on input line 101.
LaTeX Encoding Info:    Redeclaring text symbol \texteightoldstyle (encoding TS
1) on input line 102.
LaTeX Encoding Info:    Redeclaring text symbol \textnineoldstyle (encoding TS1
) on input line 103.
LaTeX Encoding Info:    Redeclaring text symbol \textlangle (encoding TS1) on i
nput line 104.
LaTeX Encoding Info:    Redeclaring text symbol \textminus (encoding TS1) on in
put line 105.
LaTeX Encoding Info:    Redeclaring text symbol \textrangle (encoding TS1) on i
nput line 106.
LaTeX Encoding Info:    Redeclaring text symbol \textmho (encoding TS1) on inpu
t line 107.
LaTeX Encoding Info:    Redeclaring text symbol \textbigcircle (encoding TS1) o
n input line 108.
LaTeX Encoding Info:    Redeclaring text command \textcircled (encoding TS1) on
 input line 109.
LaTeX Encoding Info:    Redeclaring text symbol \textohm (encoding TS1) on inpu
t line 115.
LaTeX Encoding Info:    Redeclaring text symbol \textlbrackdbl (encoding TS1) o
n input line 116.
LaTeX Encoding Info:    Redeclaring text symbol \textrbrackdbl (encoding TS1) o
n input line 117.
LaTeX Encoding Info:    Redeclaring text symbol \textuparrow (encoding TS1) on 
input line 118.
LaTeX Encoding Info:    Redeclaring text symbol \textdownarrow (encoding TS1) o
n input line 119.
LaTeX Encoding Info:    Redeclaring text symbol \textasciigrave (encoding TS1) 
on input line 120.
LaTeX Encoding Info:    Redeclaring text symbol \textborn (encoding TS1) on inp
ut line 121.
LaTeX Encoding Info:    Redeclaring text symbol \textdivorced (encoding TS1) on
 input line 122.
LaTeX Encoding Info:    Redeclaring text symbol \textdied (encoding TS1) on inp
ut line 123.
LaTeX Encoding Info:    Redeclaring text symbol \textleaf (encoding TS1) on inp
ut line 124.
LaTeX Encoding Info:    Redeclaring text symbol \textmarried (encoding TS1) on 
input line 125.
LaTeX Encoding Info:    Redeclaring text symbol \textmusicalnote (encoding TS1)
 on input line 126.
LaTeX Encoding Info:    Redeclaring text symbol \texttildelow (encoding TS1) on
 input line 127.
LaTeX Encoding Info:    Redeclaring text symbol \textdblhyphenchar (encoding TS
1) on input line 128.
LaTeX Encoding Info:    Redeclaring text symbol \textasciibreve (encoding TS1) 
on input line 129.
LaTeX Encoding Info:    Redeclaring text symbol \textasciicaron (encoding TS1) 
on input line 130.
LaTeX Encoding Info:    Redeclaring text symbol \textacutedbl (encoding TS1) on
 input line 131.
LaTeX Encoding Info:    Redeclaring text symbol \textgravedbl (encoding TS1) on
 input line 132.
LaTeX Encoding Info:    Redeclaring text symbol \textdagger (encoding TS1) on i
nput line 133.
LaTeX Encoding Info:    Redeclaring text symbol \textdaggerdbl (encoding TS1) o
n input line 134.
LaTeX Encoding Info:    Redeclaring text symbol \textbardbl (encoding TS1) on i
nput line 135.
LaTeX Encoding Info:    Redeclaring text symbol \textperthousand (encoding TS1)
 on input line 136.
LaTeX Encoding Info:    Redeclaring text symbol \textbullet (encoding TS1) on i
nput line 137.
LaTeX Encoding Info:    Redeclaring text symbol \textcelsius (encoding TS1) on 
input line 138.
LaTeX Encoding Info:    Redeclaring text symbol \textdollaroldstyle (encoding T
S1) on input line 139.
LaTeX Encoding Info:    Redeclaring text symbol \textcentoldstyle (encoding TS1
) on input line 140.
LaTeX Encoding Info:    Redeclaring text symbol \textflorin (encoding TS1) on i
nput line 141.
LaTeX Encoding Info:    Redeclaring text symbol \textcolonmonetary (encoding TS
1) on input line 142.
LaTeX Encoding Info:    Redeclaring text symbol \textwon (encoding TS1) on inpu
t line 143.
LaTeX Encoding Info:    Redeclaring text symbol \textnaira (encoding TS1) on in
put line 144.
LaTeX Encoding Info:    Redeclaring text symbol \textguarani (encoding TS1) on 
input line 145.
LaTeX Encoding Info:    Redeclaring text symbol \textpeso (encoding TS1) on inp
ut line 146.
LaTeX Encoding Info:    Redeclaring text symbol \textlira (encoding TS1) on inp
ut line 147.
LaTeX Encoding Info:    Redeclaring text symbol \textrecipe (encoding TS1) on i
nput line 148.
LaTeX Encoding Info:    Redeclaring text symbol \textinterrobang (encoding TS1)
 on input line 149.
LaTeX Encoding Info:    Redeclaring text symbol \textinterrobangdown (encoding 
TS1) on input line 150.
LaTeX Encoding Info:    Redeclaring text symbol \textdong (encoding TS1) on inp
ut line 151.
LaTeX Encoding Info:    Redeclaring text symbol \texttrademark (encoding TS1) o
n input line 152.
LaTeX Encoding Info:    Redeclaring text symbol \textpertenthousand (encoding T
S1) on input line 153.
LaTeX Encoding Info:    Redeclaring text symbol \textpilcrow (encoding TS1) on 
input line 154.
LaTeX Encoding Info:    Redeclaring text symbol \textbaht (encoding TS1) on inp
ut line 155.
LaTeX Encoding Info:    Redeclaring text symbol \textnumero (encoding TS1) on i
nput line 156.
LaTeX Encoding Info:    Redeclaring text symbol \textdiscount (encoding TS1) on
 input line 157.
LaTeX Encoding Info:    Redeclaring text symbol \textestimated (encoding TS1) o
n input line 158.
LaTeX Encoding Info:    Redeclaring text symbol \textopenbullet (encoding TS1) 
on input line 159.
LaTeX Encoding Info:    Redeclaring text symbol \textservicemark (encoding TS1)
 on input line 160.
LaTeX Encoding Info:    Redeclaring text symbol \textlquill (encoding TS1) on i
nput line 161.
LaTeX Encoding Info:    Redeclaring text symbol \textrquill (encoding TS1) on i
nput line 162.
LaTeX Encoding Info:    Redeclaring text symbol \textcent (encoding TS1) on inp
ut line 163.
LaTeX Encoding Info:    Redeclaring text symbol \textsterling (encoding TS1) on
 input line 164.
LaTeX Encoding Info:    Redeclaring text symbol \textcurrency (encoding TS1) on
 input line 165.
LaTeX Encoding Info:    Redeclaring text symbol \textyen (encoding TS1) on inpu
t line 166.
LaTeX Encoding Info:    Redeclaring text symbol \textbrokenbar (encoding TS1) o
n input line 167.
LaTeX Encoding Info:    Redeclaring text symbol \textsection (encoding TS1) on 
input line 168.
LaTeX Encoding Info:    Redeclaring text symbol \textasciidieresis (encoding TS
1) on input line 169.
LaTeX Encoding Info:    Redeclaring text symbol \textcopyright (encoding TS1) o
n input line 170.
LaTeX Encoding Info:    Redeclaring text symbol \textordfeminine (encoding TS1)
 on input line 171.
LaTeX Encoding Info:    Redeclaring text symbol \textcopyleft (encoding TS1) on
 input line 172.
LaTeX Encoding Info:    Redeclaring text symbol \textlnot (encoding TS1) on inp
ut line 173.
LaTeX Encoding Info:    Redeclaring text symbol \textcircledP (encoding TS1) on
 input line 174.
LaTeX Encoding Info:    Redeclaring text symbol \textregistered (encoding TS1) 
on input line 175.
LaTeX Encoding Info:    Redeclaring text symbol \textasciimacron (encoding TS1)
 on input line 176.
LaTeX Encoding Info:    Redeclaring text symbol \textdegree (encoding TS1) on i
nput line 177.
LaTeX Encoding Info:    Redeclaring text symbol \textpm (encoding TS1) on input
 line 178.
LaTeX Encoding Info:    Redeclaring text symbol \texttwosuperior (encoding TS1)
 on input line 179.
LaTeX Encoding Info:    Redeclaring text symbol \textthreesuperior (encoding TS
1) on input line 180.
LaTeX Encoding Info:    Redeclaring text symbol \textasciiacute (encoding TS1) 
on input line 181.
LaTeX Encoding Info:    Redeclaring text symbol \textmu (encoding TS1) on input
 line 182.
LaTeX Encoding Info:    Redeclaring text symbol \textparagraph (encoding TS1) o
n input line 183.
LaTeX Encoding Info:    Redeclaring text symbol \textperiodcentered (encoding T
S1) on input line 184.
LaTeX Encoding Info:    Redeclaring text symbol \textreferencemark (encoding TS
1) on input line 185.
LaTeX Encoding Info:    Redeclaring text symbol \textonesuperior (encoding TS1)
 on input line 186.
LaTeX Encoding Info:    Redeclaring text symbol \textordmasculine (encoding TS1
) on input line 187.
LaTeX Encoding Info:    Redeclaring text symbol \textsurd (encoding TS1) on inp
ut line 188.
LaTeX Encoding Info:    Redeclaring text symbol \textonequarter (encoding TS1) 
on input line 189.
LaTeX Encoding Info:    Redeclaring text symbol \textonehalf (encoding TS1) on 
input line 190.
LaTeX Encoding Info:    Redeclaring text symbol \textthreequarters (encoding TS
1) on input line 191.
LaTeX Encoding Info:    Redeclaring text symbol \texteuro (encoding TS1) on inp
ut line 192.
LaTeX Encoding Info:    Redeclaring text symbol \texttimes (encoding TS1) on in
put line 193.
LaTeX Encoding Info:    Redeclaring text symbol \textdiv (encoding TS1) on inpu
t line 194.
))
(/Users/natalieyyyyy/Library/Application Support/MiKTeX/texmfs/install/tex/late
x/natbib/natbib.sty
Package: natbib 2010/09/13 8.31b (PWD, AO)
\bibhang=\skip63
\bibsep=\skip64
LaTeX Info: Redefining \cite on input line 694.
\c@NAT@ctr=\count314
))
(/Users/natalieyyyyy/Library/Application Support/MiKTeX/texmfs/install/tex/late
x/multirow/multirow.sty
Package: multirow 2024/11/12 v2.9 Span multiple rows of a table
\multirow@colwidth=\skip65
\multirow@cntb=\count315
\multirow@dima=\skip66
\bigstrutjot=\dimen188
)
(/Users/natalieyyyyy/Library/Application Support/MiKTeX/texmfs/install/tex/late
x/amsmath/amsmath.sty
Package: amsmath 2026/05/19 v2.18d AMS math features
\@mathmargin=\skip67

For additional information on amsmath, use the `?' option.

(/Users/natalieyyyyy/Library/Application Support/MiKTeX/texmfs/install/tex/late
x/amsmath/amstext.sty
Package: amstext 2024/11/17 v2.01 AMS text

(/Users/natalieyyyyy/Library/Application Support/MiKTeX/texmfs/install/tex/late
x/amsmath/amsgen.sty
File: amsgen.sty 1999/11/30 v2.0 generic functions
\@emptytoks=\toks30
\ex@=\dimen189
))
(/Users/natalieyyyyy/Library/Application Support/MiKTeX/texmfs/install/tex/late
x/amsmath/amsbsy.sty
Package: amsbsy 1999/11/29 v1.2d Bold Symbols
\pmbraise@=\dimen190
)
(/Users/natalieyyyyy/Library/Application Support/MiKTeX/texmfs/install/tex/late
x/amsmath/amsopn.sty
Package: amsopn 2022/04/08 v2.04 operator names
)
\inf@bad=\count316
LaTeX Info: Redefining \frac on input line 233.
\uproot@=\count317
\leftroot@=\count318
LaTeX Info: Redefining \overline on input line 398.
LaTeX Info: Redefining \colon on input line 409.
\classnum@=\count319
\DOTSCASE@=\count320
LaTeX Info: Redefining \ldots on input line 495.
LaTeX Info: Redefining \dots on input line 498.
LaTeX Info: Redefining \cdots on input line 619.
\Mathstrutbox@=\box72
\strutbox@=\box73
LaTeX Info: Redefining \big on input line 721.
LaTeX Info: Redefining \Big on input line 722.
LaTeX Info: Redefining \bigg on input line 723.
LaTeX Info: Redefining \Bigg on input line 724.
\big@size=\dimen191
LaTeX Font Info:    Redeclaring font encoding OML on input line 742.
LaTeX Font Info:    Redeclaring font encoding OMS on input line 743.
\macc@depth=\count321
LaTeX Info: Redefining \bmod on input line 904.
LaTeX Info: Redefining \pmod on input line 909.
LaTeX Info: Redefining \smash on input line 939.
LaTeX Info: Redefining \relbar on input line 969.
LaTeX Info: Redefining \Relbar on input line 970.
\c@MaxMatrixCols=\count322
\dotsspace@=\muskip18
\c@parentequation=\count323
\dspbrk@lvl=\count324
\tag@help=\toks31
\row@=\count325
\column@=\count326
\maxfields@=\count327
\andhelp@=\toks32
\eqnshift@=\dimen192
\alignsep@=\dimen193
\tagshift@=\dimen194
\tagwidth@=\dimen195
\totwidth@=\dimen196
\lineht@=\dimen197
\@envbody=\toks33
\multlinegap=\skip68
\multlinetaggap=\skip69
\mathdisplay@stack=\toks34
LaTeX Info: Redefining \[ on input line 2965.
LaTeX Info: Redefining \] on input line 2966.
)
(/Users/natalieyyyyy/Library/Application Support/MiKTeX/texmfs/install/tex/late
x/amsfonts/amssymb.sty
Package: amssymb 2013/01/14 v3.01 AMS font symbols

(/Users/natalieyyyyy/Library/Application Support/MiKTeX/texmfs/install/tex/late
x/amsfonts/amsfonts.sty
Package: amsfonts 2013/01/14 v3.01 Basic AMSFonts support
\symAMSa=\mathgroup4
\symAMSb=\mathgroup5
LaTeX Font Info:    Redeclaring math symbol \hbar on input line 98.
LaTeX Font Info:    Overwriting math alphabet `\mathfrak' in version `bold'
(Font)                  U/euf/m/n --> U/euf/b/n on input line 106.
))
(/Users/natalieyyyyy/Library/Application Support/MiKTeX/texmfs/install/tex/late
x/jknappen/mathrsfs.sty
Package: mathrsfs 1996/01/01 Math RSFS package v1.0 (jk)
\symrsfs=\mathgroup6
)
(/Users/natalieyyyyy/Library/Application Support/MiKTeX/texmfs/install/tex/late
x/xcolor/xcolor.sty
Package: xcolor 2024/09/29 v3.02 LaTeX color extensions (UK)

(/Users/natalieyyyyy/Library/Application Support/MiKTeX/texmfs/install/tex/late
x/graphics-cfg/color.cfg
File: color.cfg 2016/01/02 v1.6 sample color configuration
)
Package xcolor Info: Driver file: pdftex.def on input line 274.

(/Users/natalieyyyyy/Library/Application Support/MiKTeX/texmfs/install/tex/late
x/graphics/mathcolor.ltx)
Package xcolor Info: Model `cmy' substituted by `cmy0' on input line 1349.
Package xcolor Info: Model `hsb' substituted by `rgb' on input line 1353.
Package xcolor Info: Model `RGB' extended on input line 1365.
Package xcolor Info: Model `HTML' substituted by `rgb' on input line 1367.
Package xcolor Info: Model `Hsb' substituted by `hsb' on input line 1368.
Package xcolor Info: Model `tHsb' substituted by `hsb' on input line 1369.
Package xcolor Info: Model `HSB' substituted by `hsb' on input line 1370.
Package xcolor Info: Model `Gray' substituted by `gray' on input line 1371.
Package xcolor Info: Model `wave' substituted by `hsb' on input line 1372.
)
(/Users/natalieyyyyy/Library/Application Support/MiKTeX/texmfs/install/tex/late
x/base/textcomp.sty
Package: textcomp 2024/04/24 v2.1b Standard LaTeX package
)
(/Users/natalieyyyyy/Library/Application Support/MiKTeX/texmfs/install/tex/late
x/ncctools/manyfoot.sty
Package: manyfoot 2019/08/03 v1.11 Many Footnote Levels Package (NCC)

(/Users/natalieyyyyy/Library/Application Support/MiKTeX/texmfs/install/tex/late
x/ncctools/nccfoots.sty
Package: nccfoots 2005/02/03 v1.2 NCC Footnotes Package (NCC)
)
\MFL@columnwidth=\dimen198
)
(/Users/natalieyyyyy/Library/Application Support/MiKTeX/texmfs/install/tex/late
x/booktabs/booktabs.sty
Package: booktabs 2020/01/12 v1.61803398 Publication quality tables
\heavyrulewidth=\dimen199
\lightrulewidth=\dimen256
\cmidrulewidth=\dimen257
\belowrulesep=\dimen258
\belowbottomsep=\dimen259
\aboverulesep=\dimen260
\abovetopsep=\dimen261
\cmidrulesep=\dimen262
\cmidrulekern=\dimen263
\defaultaddspace=\dimen264
\@cmidla=\count328
\@cmidlb=\count329
\@aboverulesep=\dimen265
\@belowrulesep=\dimen266
\@thisruleclass=\count330
\@lastruleclass=\count331
\@thisrulewidth=\dimen267
)
(/Users/natalieyyyyy/Library/Application Support/MiKTeX/texmfs/install/tex/late
x/algorithms/algorithm.sty
Package: algorithm 2009/08/24 v0.1 Document Style `algorithm' - floating enviro
nment

(/Users/natalieyyyyy/Library/Application Support/MiKTeX/texmfs/install/tex/late
x/float/float.sty
Package: float 2001/11/08 v1.3d Float enhancements (AL)
\c@float@type=\count332
\float@exts=\toks35
\float@box=\box74
\@float@everytoks=\toks36
\@floatcapt=\box75
)
\@float@every@algorithm=\toks37
\c@algorithm=\count333
)
(/Users/natalieyyyyy/Library/Application Support/MiKTeX/texmfs/install/tex/late
x/algorithmicx/algorithmicx.sty
Package: algorithmicx 2005/04/27 v1.2 Algorithmicx

Document Style algorithmicx 1.2 - a greatly improved `algorithmic' style
\c@ALG@line=\count334
\c@ALG@rem=\count335
\c@ALG@nested=\count336
\ALG@tlm=\skip70
\ALG@thistlm=\skip71
\c@ALG@Lnr=\count337
\c@ALG@blocknr=\count338
\c@ALG@storecount=\count339
\c@ALG@tmpcounter=\count340
\ALG@tmplength=\skip72
)
(/Users/natalieyyyyy/Library/Application Support/MiKTeX/texmfs/install/tex/late
x/algorithmicx/algpseudocode.sty
Package: algpseudocode 

Document Style - pseudocode environments for use with the `algorithmicx' style
)
(/Users/natalieyyyyy/Library/Application Support/MiKTeX/texmfs/install/tex/late
x/listings/listings.sty
\lst@mode=\count341
\lst@gtempboxa=\box76
\lst@token=\toks38
\lst@length=\count342
\lst@currlwidth=\dimen268
\lst@column=\count343
\lst@pos=\count344
\lst@lostspace=\dimen269
\lst@width=\dimen270
\lst@newlines=\count345
\lst@lineno=\count346
\lst@maxwidth=\dimen271

(/Users/natalieyyyyy/Library/Application Support/MiKTeX/texmfs/install/tex/late
x/listings/lstpatch.sty
File: lstpatch.sty 2025/11/14 1.11b (Carsten Heinz)
)
(/Users/natalieyyyyy/Library/Application Support/MiKTeX/texmfs/install/tex/late
x/listings/lstmisc.sty
File: lstmisc.sty 2025/11/14 1.11b (Carsten Heinz)
\c@lstnumber=\count347
\lst@skipnumbers=\count348
\lst@framebox=\box77
)
(/Users/natalieyyyyy/Library/Application Support/MiKTeX/texmfs/install/tex/late
x/listings/listings.cfg
File: listings.cfg 2025/11/14 1.11b listings configuration
))
Package: listings 2025/11/14 1.11b (Carsten Heinz)

(/Users/natalieyyyyy/Library/Application Support/MiKTeX/texmfs/install/tex/gene
ric/babel/babel.sty
Package: babel 2026/06/14 v26.9 The multilingual framework for LuaLaTeX, pdfLaT
eX and XeLaTeX
\babel@savecnt=\count349
LaTeX Encoding Info:    Redeclaring text command \ij (encoding OT1) on input li
ne 2084.
LaTeX Encoding Info:    Redeclaring text command \IJ (encoding OT1) on input li
ne 2086.
LaTeX Encoding Info:    Redeclaring text command \ij (encoding T1) on input lin
e 2088.
LaTeX Encoding Info:    Redeclaring text command \IJ (encoding T1) on input lin
e 2089.
LaTeX Encoding Info:    Ignoring declaration for text command \ij (encoding ?) 
on input line 2090.
LaTeX Encoding Info:    Ignoring declaration for text command \IJ (encoding ?) 
on input line 2092.
LaTeX Encoding Info:    Ignoring declaration for text command \SS (encoding ?) 
on input line 2117.
\U@D=\dimen272
\l@unhyphenated=\language2

(/Users/natalieyyyyy/Library/Application Support/MiKTeX/texmfs/install/tex/gene
ric/babel/txtbabel.def)
\bbl@readstream=\read2
\bbl@dirlevel=\count350
Package babel Info: Configuration files are deprecated, as
(babel)             they can break document portability.
(babel)             Reported on input line 4252.

*************************************
* Local config file bblopts.cfg used
*

(/Users/natalieyyyyy/Library/Application Support/MiKTeX/texmfs/install/tex/late
x/arabi/bblopts.cfg
File: bblopts.cfg 2005/09/08 v0.1 add Arabic and Farsi to "declared" options of
 babel
)
(/Users/natalieyyyyy/Library/Application Support/MiKTeX/texmfs/install/tex/gene
ric/babel/locale/en/babel-english.tex)
Package babel Info: Importing font and identification data for 'english'
(babel)             from babel-en.ini. Reported on input line 4380.

(/Users/natalieyyyyy/Library/Application Support/MiKTeX/texmfs/install/tex/late
x/babel-english/english.ldf
Language: english 2017/06/06 v3.3r English support from the babel system
Package babel Info: Hyphen rules for 'british' set to \l@english
(babel)             (\language0). Reported on input line 82.
Package babel Info: Hyphen rules for 'UKenglish' set to \l@english
(babel)             (\language0). Reported on input line 83.
Package babel Info: Hyphen rules for 'canadian' set to \l@english
(babel)             (\language0). Reported on input line 102.
Package babel Info: Hyphen rules for 'australian' set to \l@english
(babel)             (\language0). Reported on input line 105.
Package babel Info: Hyphen rules for 'newzealand' set to \l@english
(babel)             (\language0). Reported on input line 108.
))
(/Users/natalieyyyyy/Library/Application Support/MiKTeX/texmfs/install/tex/late
x/pgf/frontendlayer/tikz.sty
(/Users/natalieyyyyy/Library/Application Support/MiKTeX/texmfs/install/tex/late
x/pgf/basiclayer/pgf.sty
(/Users/natalieyyyyy/Library/Application Support/MiKTeX/texmfs/install/tex/late
x/pgf/utilities/pgfrcs.sty
(/Users/natalieyyyyy/Library/Application Support/MiKTeX/texmfs/install/tex/gene
ric/pgf/utilities/pgfutil-common.tex
\pgfutil@everybye=\toks39
\pgfutil@tempdima=\dimen273
\pgfutil@tempdimb=\dimen274
)
(/Users/natalieyyyyy/Library/Application Support/MiKTeX/texmfs/install/tex/gene
ric/pgf/utilities/pgfutil-latex.def
\pgfutil@abb=\box78
)
(/Users/natalieyyyyy/Library/Application Support/MiKTeX/texmfs/install/tex/gene
ric/pgf/utilities/pgfrcs.code.tex
(/Users/natalieyyyyy/Library/Application Support/MiKTeX/texmfs/install/tex/gene
ric/pgf/pgf.revision.tex)
Package: pgfrcs 2025-08-29 v3.1.11a (3.1.11a)
))
Package: pgf 2025-08-29 v3.1.11a (3.1.11a)

(/Users/natalieyyyyy/Library/Application Support/MiKTeX/texmfs/install/tex/late
x/pgf/basiclayer/pgfcore.sty
(/Users/natalieyyyyy/Library/Application Support/MiKTeX/texmfs/install/tex/late
x/pgf/systemlayer/pgfsys.sty
(/Users/natalieyyyyy/Library/Application Support/MiKTeX/texmfs/install/tex/gene
ric/pgf/systemlayer/pgfsys.code.tex
Package: pgfsys 2025-08-29 v3.1.11a (3.1.11a)

(/Users/natalieyyyyy/Library/Application Support/MiKTeX/texmfs/install/tex/gene
ric/pgf/utilities/pgfkeys.code.tex
\pgfkeys@pathtoks=\toks40
\pgfkeys@temptoks=\toks41

(/Users/natalieyyyyy/Library/Application Support/MiKTeX/texmfs/install/tex/gene
ric/pgf/utilities/pgfkeyslibraryfiltered.code.tex
\pgfkeys@tmptoks=\toks42
))
\pgf@x=\dimen275
\pgf@y=\dimen276
\pgf@xa=\dimen277
\pgf@ya=\dimen278
\pgf@xb=\dimen279
\pgf@yb=\dimen280
\pgf@xc=\dimen281
\pgf@yc=\dimen282
\pgf@xd=\dimen283
\pgf@yd=\dimen284
\w@pgf@writea=\write3
\r@pgf@reada=\read3
\c@pgf@counta=\count351
\c@pgf@countb=\count352
\c@pgf@countc=\count353
\c@pgf@countd=\count354
\t@pgf@toka=\toks43
\t@pgf@tokb=\toks44
\t@pgf@tokc=\toks45
\pgf@sys@id@count=\count355

(/Users/natalieyyyyy/Library/Application Support/MiKTeX/texmfs/install/tex/gene
ric/pgf/systemlayer/pgf.cfg
File: pgf.cfg 2025-08-29 v3.1.11a (3.1.11a)
)
Driver file for pgf: pgfsys-pdftex.def

(/Users/natalieyyyyy/Library/Application Support/MiKTeX/texmfs/install/tex/gene
ric/pgf/systemlayer/pgfsys-pdftex.def
File: pgfsys-pdftex.def 2025-08-29 v3.1.11a (3.1.11a)

(/Users/natalieyyyyy/Library/Application Support/MiKTeX/texmfs/install/tex/gene
ric/pgf/systemlayer/pgfsys-common-pdf.def
File: pgfsys-common-pdf.def 2025-08-29 v3.1.11a (3.1.11a)
)))
(/Users/natalieyyyyy/Library/Application Support/MiKTeX/texmfs/install/tex/gene
ric/pgf/systemlayer/pgfsyssoftpath.code.tex
File: pgfsyssoftpath.code.tex 2025-08-29 v3.1.11a (3.1.11a)
\pgfsyssoftpath@smallbuffer@items=\count356
\pgfsyssoftpath@bigbuffer@items=\count357
)
(/Users/natalieyyyyy/Library/Application Support/MiKTeX/texmfs/install/tex/gene
ric/pgf/systemlayer/pgfsysprotocol.code.tex
File: pgfsysprotocol.code.tex 2025-08-29 v3.1.11a (3.1.11a)
))
(/Users/natalieyyyyy/Library/Application Support/MiKTeX/texmfs/install/tex/gene
ric/pgf/basiclayer/pgfcore.code.tex
Package: pgfcore 2025-08-29 v3.1.11a (3.1.11a)

(/Users/natalieyyyyy/Library/Application Support/MiKTeX/texmfs/install/tex/gene
ric/pgf/math/pgfmath.code.tex
(/Users/natalieyyyyy/Library/Application Support/MiKTeX/texmfs/install/tex/gene
ric/pgf/math/pgfmathutil.code.tex)
(/Users/natalieyyyyy/Library/Application Support/MiKTeX/texmfs/install/tex/gene
ric/pgf/math/pgfmathparser.code.tex
\pgfmath@dimen=\dimen285
\pgfmath@count=\count358
\pgfmath@box=\box79
\pgfmath@toks=\toks46
\pgfmath@stack@operand=\toks47
\pgfmath@stack@operation=\toks48
)
(/Users/natalieyyyyy/Library/Application Support/MiKTeX/texmfs/install/tex/gene
ric/pgf/math/pgfmathfunctions.code.tex)
(/Users/natalieyyyyy/Library/Application Support/MiKTeX/texmfs/install/tex/gene
ric/pgf/math/pgfmathfunctions.basic.code.tex)
(/Users/natalieyyyyy/Library/Application Support/MiKTeX/texmfs/install/tex/gene
ric/pgf/math/pgfmathfunctions.trigonometric.code.tex)
(/Users/natalieyyyyy/Library/Application Support/MiKTeX/texmfs/install/tex/gene
ric/pgf/math/pgfmathfunctions.random.code.tex)
(/Users/natalieyyyyy/Library/Application Support/MiKTeX/texmfs/install/tex/gene
ric/pgf/math/pgfmathfunctions.comparison.code.tex)
(/Users/natalieyyyyy/Library/Application Support/MiKTeX/texmfs/install/tex/gene
ric/pgf/math/pgfmathfunctions.base.code.tex)
(/Users/natalieyyyyy/Library/Application Support/MiKTeX/texmfs/install/tex/gene
ric/pgf/math/pgfmathfunctions.round.code.tex)
(/Users/natalieyyyyy/Library/Application Support/MiKTeX/texmfs/install/tex/gene
ric/pgf/math/pgfmathfunctions.misc.code.tex)
(/Users/natalieyyyyy/Library/Application Support/MiKTeX/texmfs/install/tex/gene
ric/pgf/math/pgfmathfunctions.integerarithmetics.code.tex)
(/Users/natalieyyyyy/Library/Application Support/MiKTeX/texmfs/install/tex/gene
ric/pgf/math/pgfmathcalc.code.tex)
(/Users/natalieyyyyy/Library/Application Support/MiKTeX/texmfs/install/tex/gene
ric/pgf/math/pgfmathfloat.code.tex
\c@pgfmathroundto@lastzeros=\count359
))
(/Users/natalieyyyyy/Library/Application Support/MiKTeX/texmfs/install/tex/gene
ric/pgf/math/pgfint.code.tex)
(/Users/natalieyyyyy/Library/Application Support/MiKTeX/texmfs/install/tex/gene
ric/pgf/basiclayer/pgfcorepoints.code.tex
File: pgfcorepoints.code.tex 2025-08-29 v3.1.11a (3.1.11a)
\pgf@picminx=\dimen286
\pgf@picmaxx=\dimen287
\pgf@picminy=\dimen288
\pgf@picmaxy=\dimen289
\pgf@pathminx=\dimen290
\pgf@pathmaxx=\dimen291
\pgf@pathminy=\dimen292
\pgf@pathmaxy=\dimen293
\pgf@xx=\dimen294
\pgf@xy=\dimen295
\pgf@yx=\dimen296
\pgf@yy=\dimen297
\pgf@zx=\dimen298
\pgf@zy=\dimen299
)
(/Users/natalieyyyyy/Library/Application Support/MiKTeX/texmfs/install/tex/gene
ric/pgf/basiclayer/pgfcorepathconstruct.code.tex
File: pgfcorepathconstruct.code.tex 2025-08-29 v3.1.11a (3.1.11a)
\pgf@path@lastx=\dimen300
\pgf@path@lasty=\dimen301
)
(/Users/natalieyyyyy/Library/Application Support/MiKTeX/texmfs/install/tex/gene
ric/pgf/basiclayer/pgfcorepathusage.code.tex
File: pgfcorepathusage.code.tex 2025-08-29 v3.1.11a (3.1.11a)
\pgf@shorten@end@additional=\dimen302
\pgf@shorten@start@additional=\dimen303
)
(/Users/natalieyyyyy/Library/Application Support/MiKTeX/texmfs/install/tex/gene
ric/pgf/basiclayer/pgfcorescopes.code.tex
File: pgfcorescopes.code.tex 2025-08-29 v3.1.11a (3.1.11a)
\pgfpic=\box80
\pgf@hbox=\box81
\pgf@layerbox@main=\box82
\pgf@picture@serial@count=\count360
)
(/Users/natalieyyyyy/Library/Application Support/MiKTeX/texmfs/install/tex/gene
ric/pgf/basiclayer/pgfcoregraphicstate.code.tex
File: pgfcoregraphicstate.code.tex 2025-08-29 v3.1.11a (3.1.11a)
\pgflinewidth=\dimen304
)
(/Users/natalieyyyyy/Library/Application Support/MiKTeX/texmfs/install/tex/gene
ric/pgf/basiclayer/pgfcoretransformations.code.tex
File: pgfcoretransformations.code.tex 2025-08-29 v3.1.11a (3.1.11a)
\pgf@pt@x=\dimen305
\pgf@pt@y=\dimen306
\pgf@pt@temp=\dimen307
)
(/Users/natalieyyyyy/Library/Application Support/MiKTeX/texmfs/install/tex/gene
ric/pgf/basiclayer/pgfcorequick.code.tex
File: pgfcorequick.code.tex 2025-08-29 v3.1.11a (3.1.11a)
)
(/Users/natalieyyyyy/Library/Application Support/MiKTeX/texmfs/install/tex/gene
ric/pgf/basiclayer/pgfcoreobjects.code.tex
File: pgfcoreobjects.code.tex 2025-08-29 v3.1.11a (3.1.11a)
)
(/Users/natalieyyyyy/Library/Application Support/MiKTeX/texmfs/install/tex/gene
ric/pgf/basiclayer/pgfcorepathprocessing.code.tex
File: pgfcorepathprocessing.code.tex 2025-08-29 v3.1.11a (3.1.11a)
)
(/Users/natalieyyyyy/Library/Application Support/MiKTeX/texmfs/install/tex/gene
ric/pgf/basiclayer/pgfcorearrows.code.tex
File: pgfcorearrows.code.tex 2025-08-29 v3.1.11a (3.1.11a)
\pgfarrowsep=\dimen308
)
(/Users/natalieyyyyy/Library/Application Support/MiKTeX/texmfs/install/tex/gene
ric/pgf/basiclayer/pgfcoreshade.code.tex
File: pgfcoreshade.code.tex 2025-08-29 v3.1.11a (3.1.11a)
\pgf@max=\dimen309
\pgf@sys@shading@range@num=\count361
\pgf@shadingcount=\count362
)
(/Users/natalieyyyyy/Library/Application Support/MiKTeX/texmfs/install/tex/gene
ric/pgf/basiclayer/pgfcoreimage.code.tex
File: pgfcoreimage.code.tex 2025-08-29 v3.1.11a (3.1.11a)
)
(/Users/natalieyyyyy/Library/Application Support/MiKTeX/texmfs/install/tex/gene
ric/pgf/basiclayer/pgfcoreexternal.code.tex
File: pgfcoreexternal.code.tex 2025-08-29 v3.1.11a (3.1.11a)
\pgfexternal@startupbox=\box83
)
(/Users/natalieyyyyy/Library/Application Support/MiKTeX/texmfs/install/tex/gene
ric/pgf/basiclayer/pgfcorelayers.code.tex
File: pgfcorelayers.code.tex 2025-08-29 v3.1.11a (3.1.11a)
)
(/Users/natalieyyyyy/Library/Application Support/MiKTeX/texmfs/install/tex/gene
ric/pgf/basiclayer/pgfcoretransparency.code.tex
File: pgfcoretransparency.code.tex 2025-08-29 v3.1.11a (3.1.11a)
)
(/Users/natalieyyyyy/Library/Application Support/MiKTeX/texmfs/install/tex/gene
ric/pgf/basiclayer/pgfcorepatterns.code.tex
File: pgfcorepatterns.code.tex 2025-08-29 v3.1.11a (3.1.11a)
)
(/Users/natalieyyyyy/Library/Application Support/MiKTeX/texmfs/install/tex/gene
ric/pgf/basiclayer/pgfcorerdf.code.tex
File: pgfcorerdf.code.tex 2025-08-29 v3.1.11a (3.1.11a)
)))
(/Users/natalieyyyyy/Library/Application Support/MiKTeX/texmfs/install/tex/gene
ric/pgf/modules/pgfmoduleshapes.code.tex
File: pgfmoduleshapes.code.tex 2025-08-29 v3.1.11a (3.1.11a)
\pgfnodeparttextbox=\box84
)
(/Users/natalieyyyyy/Library/Application Support/MiKTeX/texmfs/install/tex/gene
ric/pgf/modules/pgfmoduleplot.code.tex
File: pgfmoduleplot.code.tex 2025-08-29 v3.1.11a (3.1.11a)
)
(/Users/natalieyyyyy/Library/Application Support/MiKTeX/texmfs/install/tex/late
x/pgf/compatibility/pgfcomp-version-0-65.sty
Package: pgfcomp-version-0-65 2025-08-29 v3.1.11a (3.1.11a)
\pgf@nodesepstart=\dimen310
\pgf@nodesepend=\dimen311
)
(/Users/natalieyyyyy/Library/Application Support/MiKTeX/texmfs/install/tex/late
x/pgf/compatibility/pgfcomp-version-1-18.sty
Package: pgfcomp-version-1-18 2025-08-29 v3.1.11a (3.1.11a)
))
(/Users/natalieyyyyy/Library/Application Support/MiKTeX/texmfs/install/tex/late
x/pgf/utilities/pgffor.sty
(/Users/natalieyyyyy/Library/Application Support/MiKTeX/texmfs/install/tex/late
x/pgf/utilities/pgfkeys.sty
(/Users/natalieyyyyy/Library/Application Support/MiKTeX/texmfs/install/tex/gene
ric/pgf/utilities/pgfkeys.code.tex))
(/Users/natalieyyyyy/Library/Application Support/MiKTeX/texmfs/install/tex/late
x/pgf/math/pgfmath.sty
(/Users/natalieyyyyy/Library/Application Support/MiKTeX/texmfs/install/tex/gene
ric/pgf/math/pgfmath.code.tex))
(/Users/natalieyyyyy/Library/Application Support/MiKTeX/texmfs/install/tex/gene
ric/pgf/utilities/pgffor.code.tex
Package: pgffor 2025-08-29 v3.1.11a (3.1.11a)
\pgffor@iter=\dimen312
\pgffor@skip=\dimen313
\pgffor@stack=\toks49
\pgffor@toks=\toks50
))
(/Users/natalieyyyyy/Library/Application Support/MiKTeX/texmfs/install/tex/gene
ric/pgf/frontendlayer/tikz/tikz.code.tex
Package: tikz 2025-08-29 v3.1.11a (3.1.11a)

(/Users/natalieyyyyy/Library/Application Support/MiKTeX/texmfs/install/tex/gene
ric/pgf/libraries/pgflibraryplothandlers.code.tex
File: pgflibraryplothandlers.code.tex 2025-08-29 v3.1.11a (3.1.11a)
\pgf@plot@mark@count=\count363
\pgfplotmarksize=\dimen314
)
\tikz@lastx=\dimen315
\tikz@lasty=\dimen316
\tikz@lastxsaved=\dimen317
\tikz@lastysaved=\dimen318
\tikz@lastmovetox=\dimen319
\tikz@lastmovetoy=\dimen320
\tikzleveldistance=\dimen321
\tikzsiblingdistance=\dimen322
\tikz@figbox=\box85
\tikz@figbox@bg=\box86
\tikz@tempbox=\box87
\tikz@tempbox@bg=\box88
\tikztreelevel=\count364
\tikznumberofchildren=\count365
\tikznumberofcurrentchild=\count366
\tikz@fig@count=\count367

(/Users/natalieyyyyy/Library/Application Support/MiKTeX/texmfs/install/tex/gene
ric/pgf/modules/pgfmodulematrix.code.tex
File: pgfmodulematrix.code.tex 2025-08-29 v3.1.11a (3.1.11a)
\pgfmatrixcurrentrow=\count368
\pgfmatrixcurrentcolumn=\count369
\pgf@matrix@numberofcolumns=\count370
)
\tikz@expandcount=\count371

(/Users/natalieyyyyy/Library/Application Support/MiKTeX/texmfs/install/tex/gene
ric/pgf/frontendlayer/tikz/libraries/tikzlibrarytopaths.code.tex
File: tikzlibrarytopaths.code.tex 2025-08-29 v3.1.11a (3.1.11a)
)))
(/Users/natalieyyyyy/Library/Application Support/MiKTeX/texmfs/install/tex/gene
ric/pgf/libraries/pgflibraryarrows.meta.code.tex
File: pgflibraryarrows.meta.code.tex 2025-08-29 v3.1.11a (3.1.11a)
\pgfarrowinset=\dimen323
\pgfarrowlength=\dimen324
\pgfarrowwidth=\dimen325
\pgfarrowlinewidth=\dimen326
)
(/Users/natalieyyyyy/Library/Application Support/MiKTeX/texmfs/install/tex/gene
ric/pgf/frontendlayer/tikz/libraries/tikzlibrarypositioning.code.tex
File: tikzlibrarypositioning.code.tex 2025-08-29 v3.1.11a (3.1.11a)
)
(/Users/natalieyyyyy/Library/Application Support/MiKTeX/texmfs/install/tex/gene
ric/pgf/frontendlayer/tikz/libraries/tikzlibraryshapes.geometric.code.tex
File: tikzlibraryshapes.geometric.code.tex 2025-08-29 v3.1.11a (3.1.11a)

(/Users/natalieyyyyy/Library/Application Support/MiKTeX/texmfs/install/tex/gene
ric/pgf/libraries/shapes/pgflibraryshapes.geometric.code.tex
File: pgflibraryshapes.geometric.code.tex 2025-08-29 v3.1.11a (3.1.11a)
))
\c@theorem=\count372
\c@example=\count373
\c@remark=\count374
\c@definition=\count375

(/Users/natalieyyyyy/Library/Application Support/MiKTeX/texmfs/install/tex/late
x/l3backend-dev/l3backend-pdftex.def
File: l3backend-pdftex.def 2026-06-19 L3 backend support: PDF output (pdfTeX)
\l__color_backend_stack_int=\count376
) (main.aux)
\openout1 = `main.aux'.

LaTeX Font Info:    Checking defaults for OML/cmm/m/it on input line 50.
LaTeX Font Info:    ... okay on input line 50.
LaTeX Font Info:    Checking defaults for OMS/cmsy/m/n on input line 50.
LaTeX Font Info:    ... okay on input line 50.
LaTeX Font Info:    Checking defaults for OT1/cmr/m/n on input line 50.
LaTeX Font Info:    ... okay on input line 50.
LaTeX Font Info:    Checking defaults for T1/cmr/m/n on input line 50.
LaTeX Font Info:    ... okay on input line 50.
LaTeX Font Info:    Checking defaults for TS1/cmr/m/n on input line 50.
LaTeX Font Info:    ... okay on input line 50.
LaTeX Font Info:    Checking defaults for OMX/cmex/m/n on input line 50.
LaTeX Font Info:    ... okay on input line 50.
LaTeX Font Info:    Checking defaults for U/cmr/m/n on input line 50.
LaTeX Font Info:    ... okay on input line 50.
LaTeX Font Info:    Checking defaults for PD1/pdf/m/n on input line 50.
LaTeX Font Info:    ... okay on input line 50.
LaTeX Font Info:    Checking defaults for PU/pdf/m/n on input line 50.
LaTeX Font Info:    ... okay on input line 50.

*geometry* driver: auto-detecting
*geometry* detected driver: pdftex
*geometry* verbose mode - [ preamble ] result:
* driver: pdftex
* paper: custom
* layout: <same size as paper>
* layoutoffset:(h,v)=(0.0pt,0.0pt)
* bindingoffset: 17.07164pt
* modes: twoside 
* h-part:(L,W,R)=(83.37448pt, 372.0pt, 125.06175pt)
* v-part:(T,H,B)=(73.97716pt, 552.69478pt, 218.37491pt)
* \paperwidth=597.50787pt
* \paperheight=845.04684pt
* \textwidth=372.0pt
* \textheight=552.69478pt
* \oddsidemargin=28.17613pt
* \evensidemargin=52.79176pt
* \topmargin=-19.72638pt
* \headheight=5.5pt
* \headsep=15.93355pt
* \topskip=10.0pt
* \footskip=28.45274pt
* \marginparwidth=34.1433pt
* \marginparsep=14.22636pt
* \columnsep=14.22636pt
* \skip\footins=8.0pt plus 4.0pt
* \hoffset=0.0pt
* \voffset=0.0pt
* \mag=1000
* \@twocolumnfalse
* \@twosidetrue
* \@mparswitchtrue
* \@reversemargintrue
* (1in=72.27pt=25.4mm, 1cm=28.453pt)


(/Users/natalieyyyyy/Library/Application Support/MiKTeX/texmfs/install/tex/cont
ext/base/mkii/supp-pdf.mkii
[Loading MPS to PDF converter (version 2006.09.02).]
\scratchcounter=\count377
\scratchdimen=\dimen327
\scratchbox=\box89
\nofMPsegments=\count378
\nofMParguments=\count379
\everyMPshowfont=\toks51
\MPscratchCnt=\count380
\MPscratchDim=\dimen328
\MPnumerator=\count381
\makeMPintoPDFobject=\count382
\everyMPtoPDFconversion=\toks52
)
(/Users/natalieyyyyy/Library/Application Support/MiKTeX/texmfs/install/tex/late
x/epstopdf-pkg/epstopdf-base.sty
Package: epstopdf-base 2020-01-24 v2.11 Base part for package epstopdf
Package epstopdf-base Info: Redefining graphics rule for `.eps' on input line 4
85.

(/Users/natalieyyyyy/Library/Application Support/MiKTeX/texmfs/install/tex/late
x/00miktex/epstopdf-sys.cfg
File: epstopdf-sys.cfg 2021/03/18 v2.0 Configuration of epstopdf for MiKTeX
))
LaTeX Info: Redefining \S on input line 50.
LaTeX Font Info:    Redeclaring symbol font `AMSa' on input line 50.
LaTeX Font Info:    Overwriting symbol font `AMSa' in version `normal'
(Font)                  U/msa/m/n --> U/msa/m/n on input line 50.
LaTeX Font Info:    Overwriting symbol font `AMSa' in version `bold'
(Font)                  U/msa/m/n --> U/msa/m/n on input line 50.
Package hyperref Info: Link coloring ON on input line 50.
 (main.out) (main.out)
\@outlinefile=\write4
\openout4 = `main.out'.

\c@lstlisting=\count383
Package babel Info: Main language set to 'english'.
LaTeX Font Info:    Calculating math sizes for size <10.03749> on input line 57
.
LaTeX Font Info:    Trying to load font information for U+msa on input line 57.


(/Users/natalieyyyyy/Library/Application Support/MiKTeX/texmfs/install/tex/late
x/amsfonts/umsa.fd
File: umsa.fd 2013/01/14 v3.01 AMS symbols A
)
LaTeX Font Info:    Trying to load font information for U+msb on input line 57.


(/Users/natalieyyyyy/Library/Application Support/MiKTeX/texmfs/install/tex/late
x/amsfonts/umsb.fd
File: umsb.fd 2013/01/14 v3.01 AMS symbols B
)
LaTeX Font Info:    Trying to load font information for U+rsfs on input line 57
.

(/Users/natalieyyyyy/Library/Application Support/MiKTeX/texmfs/install/tex/late
x/jknappen/ursfs.fd
File: ursfs.fd 1998/03/24 rsfs font definition file (jk)
)


Underfull \vbox (badness 10000) has occurred while \output is active []

 [1

{/Users/natalieyyyyy/Library/Application Support/MiKTeX/texmfs/data/fonts/map/p
dftex/pdftex.map}]
Underfull \hbox (badness 10000) in paragraph at lines 79--94

 []


Underfull \hbox (badness 10000) in paragraph at lines 79--94

 []


Underfull \hbox (badness 10000) in paragraph at lines 79--94

 []




Underfull \vbox (badness 10000) has occurred while \output is active []

 [2]


Underfull \vbox (badness 10000) has occurred while \output is active []

 [3]
Underfull \hbox (badness 10000) in paragraph at lines 151--153

 []




Underfull \vbox (badness 10000) has occurred while \output is active []

 [4]
LaTeX Font Info:    Calculating math sizes for size <8.03> on input line 179.


LaTeX Font Warning: Font shape `U/rsfs/m/n' in size <4.015> not available
(Font)              size <5> substituted on input line 179.


Underfull \hbox (badness 10000) in paragraph at lines 182--182
[]\OT1/cmr/m/n/8.03 Two de-tec-tions are
 []


Underfull \hbox (badness 1337) in paragraph at lines 182--182
\OT1/cmr/m/n/8.03 lensed im-ages of the
 []


Underfull \hbox (badness 1097) in paragraph at lines 182--182
[]\OT1/cmr/m/n/8.03 The rep-son-si-ble lens is cat-
 []


Underfull \hbox (badness 10000) in paragraph at lines 183--183
[]\OT1/cmr/m/n/8.03 Two de-tec-tions are
 []


Underfull \hbox (badness 1337) in paragraph at lines 183--183
\OT1/cmr/m/n/8.03 lensed im-ages of the
 []


Underfull \hbox (badness 10000) in paragraph at lines 184--184
[]\OT1/cmr/m/n/8.03 Two de-tec-tions are
 []


Underfull \hbox (badness 1337) in paragraph at lines 184--184
\OT1/cmr/m/n/8.03 lensed im-ages of the
 []


Underfull \hbox (badness 8000) in paragraph at lines 184--184
[]\OT1/cmr/m/n/8.03 The re-spon-si-ble fore-ground
 []


Underfull \hbox (badness 4832) in paragraph at lines 185--185
[]\OT1/cmr/m/n/8.03 The de-tec-tions arise
 []


LaTeX Warning: `h' float specifier changed to `ht'.




Underfull \vbox (badness 10000) has occurred while \output is active []

 [5]


Underfull \vbox (badness 10000) has occurred while \output is active []

 [6
pdfTeX warning (ext4): destination with the same identifier (name{table.1}) has
 been already used, duplicate ignored
<argument> ...shipout:D \box_use:N \l_shipout_box 
                                                  \__shipout_drop_firstpage_...
l.226 \begin{equation}
                      ]
Underfull \hbox (badness 10000) in paragraph at lines 228--233

 []


Underfull \hbox (badness 10000) in paragraph at lines 240--245

 []


Underfull \hbox (badness 10000) in paragraph at lines 252--257

 []




Underfull \vbox (badness 10000) has occurred while \output is active []

 [7]


Underfull \vbox (badness 10000) has occurred while \output is active []

 [8]
Overfull \hbox (25.94125pt too wide) detected at line 297
[][][]\OML/cmm/m/it/10.03749 Z[] \OT1/cmr/m/n/10 = [] \OML/cmm/m/it/10.03749 p\
OT1/cmr/m/n/10 (\OML/cmm/m/it/10.03749 d[]\OMS/cmsy/m/n/10.03749 j\OML/cmm/m/it
/10.03749 ^^R[]; H[]\OT1/cmr/m/n/10 )\OML/cmm/m/it/10.03749 p\OT1/cmr/m/n/10 (\
OML/cmm/m/it/10.03749 d[]\OMS/cmsy/m/n/10.03749 j\OML/cmm/m/it/10.03749 ^^R[]; 
H[]\OT1/cmr/m/n/10 )\OML/cmm/m/it/10.03749 ^^Y[]\OT1/cmr/m/n/10 (\OML/cmm/m/it/
10.03749 ^^R[]; ^^R[]\OT1/cmr/m/n/10 )\OML/cmm/m/it/10.03749 d^^R[]d^^R[]
 []

LaTeX Font Info:    Calculating math sizes for size <14.05249> on input line 31
0.

Package hyperref Warning: Token not allowed in a PDF string (Unicode):
(hyperref)                removing `math shift' on input line 310.


Package hyperref Warning: Token not allowed in a PDF string (Unicode):
(hyperref)                removing `subscript' on input line 310.


Package hyperref Warning: Token not allowed in a PDF string (Unicode):
(hyperref)                removing `math shift' on input line 310.


Underfull \hbox (badness 10000) in paragraph at lines 319--323

 []




Underfull \vbox (badness 10000) has occurred while \output is active []

 [9]
Overfull \hbox (11.9077pt too wide) detected at line 334
[][][]\OML/cmm/m/it/10.03749 p\OT1/cmr/m/n/10 (\OML/cmm/m/it/10.03749 d[]; d[]\
OMS/cmsy/m/n/10.03749 j\OT1/cmr/m/n/10 ^^B[]\OML/cmm/m/it/10.03749 ; H[]\OT1/cm
r/m/n/10 ) = \OML/cmm/m/it/10.03749 p\OT1/cmr/m/n/10 (\OML/cmm/m/it/10.03749 d[
]\OMS/cmsy/m/n/10.03749 j\OML/cmm/m/it/10.03749 ^^R[]; ^^R[]; ^^L[]; H[]\OT1/cm
r/m/n/10 )\OML/cmm/m/it/10.03749 p\OT1/cmr/m/n/10 (\OML/cmm/m/it/10.03749 d[]\O
MS/cmsy/m/n/10.03749 j\OML/cmm/m/it/10.03749 ^^R[]; ^^R[]; ^^R[]; ^^W[]; H[]\OT
1/cmr/m/n/10 )\OML/cmm/m/it/10.03749 :
 []




Underfull \vbox (badness 10000) has occurred while \output is active []

 [10]

Package hyperref Warning: Token not allowed in a PDF string (Unicode):
(hyperref)                removing `math shift' on input line 374.


Package hyperref Warning: Token not allowed in a PDF string (Unicode):
(hyperref)                removing `subscript' on input line 374.


Package hyperref Warning: Token not allowed in a PDF string (Unicode):
(hyperref)                removing `math shift' on input line 374.


Underfull \hbox (badness 10000) in paragraph at lines 376--380

 []


Package hyperref Warning: Token not allowed in a PDF string (Unicode):
(hyperref)                removing `math shift' on input line 381.


Package hyperref Warning: Token not allowed in a PDF string (Unicode):
(hyperref)                removing `subscript' on input line 381.


Package hyperref Warning: Token not allowed in a PDF string (Unicode):
(hyperref)                removing `math shift' on input line 381.


Overfull \hbox (14.79356pt too wide) in paragraph at lines 543--544
 [][] 
 []




Underfull \vbox (badness 10000) has occurred while \output is active []

 [11]


Underfull \vbox (badness 10000) has occurred while \output is active []

 [12
pdfTeX warning (ext4): destination with the same identifier (name{figure.1}) ha
s been already used, duplicate ignored
<argument> ...shipout:D \box_use:N \l_shipout_box 
                                                  \__shipout_drop_firstpage_...
l.561 \subsection
                 {Lens searches and the localization problem}]
<figures/z_hor_vs_chirp_mass.pdf, id=311, 568.04218pt x 423.50221pt>
File: figures/z_hor_vs_chirp_mass.pdf Graphic file (type pdf)
<use figures/z_hor_vs_chirp_mass.pdf>
Package pdftex.def Info: figures/z_hor_vs_chirp_mass.pdf  used on input line 57
6.
(pdftex.def)             Requested size: 334.79773pt x 249.60564pt.
<figures/log_weight_vs_chirp_mass.pdf, id=312, 568.04218pt x 423.50221pt>
File: figures/log_weight_vs_chirp_mass.pdf Graphic file (type pdf)
<use figures/log_weight_vs_chirp_mass.pdf>
Package pdftex.def Info: figures/log_weight_vs_chirp_mass.pdf  used on input li
ne 582.
(pdftex.def)             Requested size: 334.79773pt x 249.60564pt.


LaTeX Warning: `!h' float specifier changed to `!ht'.

<figures/unlensed_2d.pdf, id=313, 517.73515pt x 550.88739pt>
File: figures/unlensed_2d.pdf Graphic file (type pdf)
<use figures/unlensed_2d.pdf>
Package pdftex.def Info: figures/unlensed_2d.pdf  used on input line 588.
(pdftex.def)             Requested size: 167.39886pt x 178.12004pt.
<figures/population_reweighted_m_1_m_2.pdf, id=314, 526.01334pt x 544.22542pt>
File: figures/population_reweighted_m_1_m_2.pdf Graphic file (type pdf)
<use figures/population_reweighted_m_1_m_2.pdf>
Package pdftex.def Info: figures/population_reweighted_m_1_m_2.pdf  used on inp
ut line 589.
(pdftex.def)             Requested size: 172.23505pt x 178.19983pt.

LaTeX Warning: `!h' float specifier changed to `!ht'.

<figures/unlensed_3d_log.pdf, id=315, 772.35744pt x 801.36432pt>
File: figures/unlensed_3d_log.pdf Graphic file (type pdf)
<use figures/unlensed_3d_log.pdf>
Package pdftex.def Info: figures/unlensed_3d_log.pdf  used on input line 605.
(pdftex.def)             Requested size: 167.39886pt x 173.68394pt.
<figures/population_reweighted_m_1_m_2_log.pdf, id=316, 808.48178pt x 802.89812
pt>
File: figures/population_reweighted_m_1_m_2_log.pdf Graphic file (type pdf)
<use figures/population_reweighted_m_1_m_2_log.pdf>
Package pdftex.def Info: figures/population_reweighted_m_1_m_2_log.pdf  used on
 input line 606.
(pdftex.def)             Requested size: 172.23505pt x 171.03932pt.

LaTeX Warning: `!h' float specifier changed to `!ht'.

<figures/lensed_relative_luminosity_distance_3d.pdf, id=317, 1064.7598pt x 1060
.92355pt>
File: figures/lensed_relative_luminosity_distance_3d.pdf Graphic file (type pdf
)
<use figures/lensed_relative_luminosity_distance_3d.pdf>
Package pdftex.def Info: figures/lensed_relative_luminosity_distance_3d.pdf  us
ed on input line 616.
(pdftex.def)             Requested size: 334.79773pt x 333.59372pt.

LaTeX Warning: `!h' float specifier changed to `!ht'.




Underfull \vbox (badness 10000) has occurred while \output is active []

 [13
pdfTeX warning (ext4): destination with the same identifier (name{figure.2}) ha
s been already used, duplicate ignored
<argument> ...shipout:D \box_use:N \l_shipout_box 
                                                  \__shipout_drop_firstpage_...
l.625 \subsection
                 {Bayes Factor and Comparison} <./figures/z_hor_vs_chirp_mass.p
df>]
<figures/log10_BLU_histogram.pdf, id=351, 568.04218pt x 351.23221pt>
File: figures/log10_BLU_histogram.pdf Graphic file (type pdf)
<use figures/log10_BLU_histogram.pdf>
Package pdftex.def Info: figures/log10_BLU_histogram.pdf  used on input line 62
9.
(pdftex.def)             Requested size: 334.79773pt x 207.01083pt.


LaTeX Warning: `!h' float specifier changed to `!ht'.

<figures/log10_BLU_histogram_3.pdf, id=352, 578.16pt x 361.35pt>
File: figures/log10_BLU_histogram_3.pdf Graphic file (type pdf)
<use figures/log10_BLU_histogram_3.pdf>
Package pdftex.def Info: figures/log10_BLU_histogram_3.pdf  used on input line 
635.
(pdftex.def)             Requested size: 334.79773pt x 209.24681pt.

LaTeX Warning: `!h' float specifier changed to `!ht'.

<figures/log10_BLU_histogram_4.pdf, id=353, 578.16pt x 361.35pt>
File: figures/log10_BLU_histogram_4.pdf Graphic file (type pdf)
<use figures/log10_BLU_histogram_4.pdf>
Package pdftex.def Info: figures/log10_BLU_histogram_4.pdf  used on input line 
641.
(pdftex.def)             Requested size: 334.79773pt x 209.24681pt.

LaTeX Warning: `!h' float specifier changed to `!ht'.

<figures/comparison_figure(placeholder).png, id=354, 578.16pt x 361.35pt>
File: figures/comparison_figure(placeholder).png Graphic file (type png)
<use figures/comparison_figure(placeholder).png>
Package pdftex.def Info: figures/comparison_figure(placeholder).png  used on in
put line 647.
(pdftex.def)             Requested size: 334.79773pt x 209.24681pt.

LaTeX Warning: `!h' float specifier changed to `!ht'.

(main.bbl


Underfull \vbox (badness 10000) has occurred while \output is active []

 [14
pdfTeX warning (ext4): destination with the same identifier (name{figure.3}) ha
s been already used, duplicate ignored
<argument> ...shipout:D \box_use:N \l_shipout_box 
                                                  \__shipout_drop_firstpage_...
l.108 ...iteauthoryear{Barsode et~al.}{2026b}]{20}
                                                   <./figures/log_weight_vs_chi
rp_mass.pdf>]


Underfull \vbox (badness 10000) has occurred while \output is active []

 [15
pdfTeX warning (ext4): destination with the same identifier (name{figure.4}) ha
s been already used, duplicate ignored
<argument> ...shipout:D \box_use:N \l_shipout_box 
                                                  \__shipout_drop_firstpage_...
l.211 
       <./figures/unlensed_2d.pdf> <./figures/population_reweighted_m_1_m_2.pdf
>]


Underfull \vbox (badness 10000) has occurred while \output is active []

 [16
pdfTeX warning (ext4): destination with the same identifier (name{figure.5}) ha
s been already used, duplicate ignored
<argument> ...shipout:D \box_use:N \l_shipout_box 
                                                  \__shipout_drop_firstpage_...
l.301 
       <./figures/unlensed_3d_log.pdf> <./figures/population_reweighted_m_1_m_2
_log.pdf>]


Underfull \vbox (badness 10000) has occurred while \output is active []

 [17
pdfTeX warning (ext4): destination with the same identifier (name{figure.6}) ha
s been already used, duplicate ignored
<argument> ...shipout:D \box_use:N \l_shipout_box 
                                                  \__shipout_drop_firstpage_...
l.364 
       <./figures/lensed_relative_luminosity_distance_3d.pdf>]


Underfull \vbox (badness 10000) has occurred while \output is active []

 [18
pdfTeX warning (ext4): destination with the same identifier (name{figure.7}) ha
s been already used, duplicate ignored
<argument> ...shipout:D \box_use:N \l_shipout_box 
                                                  \__shipout_drop_firstpage_...
l.389 
      
pdfTeX warning (ext4): destination with the same identifier (name{figure.8}) ha
s been already used, duplicate ignored
<argument> ...shipout:D \box_use:N \l_shipout_box 
                                                  \__shipout_drop_firstpage_...
l.389 
       <./figures/log10_BLU_histogram.pdf> <./figures/log10_BLU_histogram_3.pdf
>])

Package hyperref Warning: Token not allowed in a PDF string (Unicode):
(hyperref)                removing `math shift' on input line 660.


Package hyperref Warning: Token not allowed in a PDF string (Unicode):
(hyperref)                removing `subscript' on input line 660.


Package hyperref Warning: Token not allowed in a PDF string (Unicode):
(hyperref)                removing `math shift' on input line 660.




Underfull \vbox (badness 10000) has occurred while \output is active []

 [19
pdfTeX warning (ext4): destination with the same identifier (name{figure.9}) ha
s been already used, duplicate ignored
<argument> ...shipout:D \box_use:N \l_shipout_box 
                                                  \__shipout_drop_firstpage_...
l.664 $
       H_2$ retains the common source lensing interpretation but removes the...

pdfTeX warning (ext4): destination with the same identifier (name{figure.10}) h
as been already used, duplicate ignored
<argument> ...shipout:D \box_use:N \l_shipout_box 
                                                  \__shipout_drop_firstpage_...
l.664 $
       H_2$ retains the common source lensing interpretation but removes the...
 <./figures/log10_BLU_histogram_4.pdf> <./figures/comparison_figure(placeholder
).png>]
pdfTeX warning (ext4): destination with the same identifier (name{equation.1}) 
has been already used, duplicate ignored
<to be read again> 
                   \relax 
l.666 \begin{equation}
                      
pdfTeX warning (ext4): destination with the same identifier (name{equation.1}) 
has been already used, duplicate ignored
<to be read again> 
                   \relax 
l.666 \begin{equation}
                      
pdfTeX warning (ext4): destination with the same identifier (name{equation.1}) 
has been already used, duplicate ignored
<to be read again> 
                   \relax 
l.666 \begin{equation}
                      
pdfTeX warning (ext4): destination with the same identifier (name{equation.1}) 
has been already used, duplicate ignored
<to be read again> 
                   \relax 
l.666 \begin{equation}
                      
Underfull \hbox (badness 10000) in paragraph at lines 668--674

 []


Underfull \hbox (badness 10000) in paragraph at lines 668--674

 []


Underfull \hbox (badness 10000) in paragraph at lines 668--674

 []


pdfTeX warning (ext4): destination with the same identifier (name{equation.2}) 
has been already used, duplicate ignored
<to be read again> 
                   \relax 
l.674 \begin{equation}
                      
pdfTeX warning (ext4): destination with the same identifier (name{equation.2}) 
has been already used, duplicate ignored
<to be read again> 
                   \relax 
l.674 \begin{equation}
                      
pdfTeX warning (ext4): destination with the same identifier (name{equation.2}) 
has been already used, duplicate ignored
<to be read again> 
                   \relax 
l.674 \begin{equation}
                      
pdfTeX warning (ext4): destination with the same identifier (name{equation.2}) 
has been already used, duplicate ignored
<to be read again> 
                   \relax 
l.674 \begin{equation}
                      
pdfTeX warning (ext4): destination with the same identifier (name{equation.3}) 
has been already used, duplicate ignored
<to be read again> 
                   \relax 
l.679 \begin{equation}
                      
pdfTeX warning (ext4): destination with the same identifier (name{equation.3}) 
has been already used, duplicate ignored
<to be read again> 
                   \relax 
l.679 \begin{equation}
                      
pdfTeX warning (ext4): destination with the same identifier (name{equation.3}) 
has been already used, duplicate ignored
<to be read again> 
                   \relax 
l.679 \begin{equation}
                      
pdfTeX warning (ext4): destination with the same identifier (name{equation.3}) 
has been already used, duplicate ignored
<to be read again> 
                   \relax 
l.679 \begin{equation}
                      
pdfTeX warning (ext4): destination with the same identifier (name{equation.4}) 
has been already used, duplicate ignored
<to be read again> 
                   \relax 
l.684 \begin{equation}
                      
pdfTeX warning (ext4): destination with the same identifier (name{equation.4}) 
has been already used, duplicate ignored
<to be read again> 
                   \relax 
l.684 \begin{equation}
                      
pdfTeX warning (ext4): destination with the same identifier (name{equation.4}) 
has been already used, duplicate ignored
<to be read again> 
                   \relax 
l.684 \begin{equation}
                      
pdfTeX warning (ext4): destination with the same identifier (name{equation.4}) 
has been already used, duplicate ignored
<to be read again> 
                   \relax 
l.684 \begin{equation}
                      
Underfull \hbox (badness 10000) in paragraph at lines 686--693

 []


Underfull \hbox (badness 10000) in paragraph at lines 686--693

 []


pdfTeX warning (ext4): destination with the same identifier (name{equation.5}) 
has been already used, duplicate ignored
<to be read again> 
                   \relax 
l.693 \begin{equation}
                      
pdfTeX warning (ext4): destination with the same identifier (name{equation.5}) 
has been already used, duplicate ignored
<to be read again> 
                   \relax 
l.693 \begin{equation}
                      
pdfTeX warning (ext4): destination with the same identifier (name{equation.5}) 
has been already used, duplicate ignored
<to be read again> 
                   \relax 
l.693 \begin{equation}
                      
pdfTeX warning (ext4): destination with the same identifier (name{equation.5}) 
has been already used, duplicate ignored
<to be read again> 
                   \relax 
l.693 \begin{equation}
                      
pdfTeX warning (ext4): destination with the same identifier (name{equation.6}) 
has been already used, duplicate ignored
<to be read again> 
                   \relax 
l.697 \begin{equation}
                      ^^I
pdfTeX warning (ext4): destination with the same identifier (name{equation.6}) 
has been already used, duplicate ignored
<to be read again> 
                   \relax 
l.697 \begin{equation}
                      ^^I
pdfTeX warning (ext4): destination with the same identifier (name{equation.6}) 
has been already used, duplicate ignored
<to be read again> 
                   \relax 
l.697 \begin{equation}
                      ^^I
pdfTeX warning (ext4): destination with the same identifier (name{equation.6}) 
has been already used, duplicate ignored
<to be read again> 
                   \relax 
l.697 \begin{equation}
                      ^^I
Underfull \hbox (badness 10000) in paragraph at lines 699--704

 []


Underfull \hbox (badness 10000) in paragraph at lines 699--704

 []


Underfull \hbox (badness 10000) in paragraph at lines 699--704

 []




Underfull \vbox (badness 10000) has occurred while \output is active []

 [20]
pdfTeX warning (ext4): destination with the same identifier (name{equation.7}) 
has been already used, duplicate ignored
<to be read again> 
                   \relax 
l.704 \begin{equation}
                      
pdfTeX warning (ext4): destination with the same identifier (name{equation.7}) 
has been already used, duplicate ignored
<to be read again> 
                   \relax 
l.704 \begin{equation}
                      
pdfTeX warning (ext4): destination with the same identifier (name{equation.7}) 
has been already used, duplicate ignored
<to be read again> 
                   \relax 
l.704 \begin{equation}
                      
pdfTeX warning (ext4): destination with the same identifier (name{equation.7}) 
has been already used, duplicate ignored
<to be read again> 
                   \relax 
l.704 \begin{equation}
                      
Underfull \hbox (badness 10000) in paragraph at lines 706--711

 []


Underfull \hbox (badness 10000) in paragraph at lines 706--711

 []


Underfull \hbox (badness 10000) in paragraph at lines 706--711

 []


pdfTeX warning (ext4): destination with the same identifier (name{equation.8}) 
has been already used, duplicate ignored
<to be read again> 
                   \relax 
l.711 \begin{equation}
                      
pdfTeX warning (ext4): destination with the same identifier (name{equation.8}) 
has been already used, duplicate ignored
<to be read again> 
                   \relax 
l.711 \begin{equation}
                      
pdfTeX warning (ext4): destination with the same identifier (name{equation.8}) 
has been already used, duplicate ignored
<to be read again> 
                   \relax 
l.711 \begin{equation}
                      
pdfTeX warning (ext4): destination with the same identifier (name{equation.8}) 
has been already used, duplicate ignored
<to be read again> 
                   \relax 
l.711 \begin{equation}
                      
pdfTeX warning (ext4): destination with the same identifier (name{equation.9}) 
has been already used, duplicate ignored
<to be read again> 
                   \relax 
l.714 \begin{equation}
                      
pdfTeX warning (ext4): destination with the same identifier (name{equation.9}) 
has been already used, duplicate ignored
<to be read again> 
                   \relax 
l.714 \begin{equation}
                      
pdfTeX warning (ext4): destination with the same identifier (name{equation.9}) 
has been already used, duplicate ignored
<to be read again> 
                   \relax 
l.714 \begin{equation}
                      
pdfTeX warning (ext4): destination with the same identifier (name{equation.9}) 
has been already used, duplicate ignored
<to be read again> 
                   \relax 
l.714 \begin{equation}
                      
pdfTeX warning (ext4): destination with the same identifier (name{equation.10})
 has been already used, duplicate ignored
<to be read again> 
                   \relax 
l.717 \begin{equation}
                      
pdfTeX warning (ext4): destination with the same identifier (name{equation.10})
 has been already used, duplicate ignored
<to be read again> 
                   \relax 
l.717 \begin{equation}
                      
pdfTeX warning (ext4): destination with the same identifier (name{equation.10})
 has been already used, duplicate ignored
<to be read again> 
                   \relax 
l.717 \begin{equation}
                      
pdfTeX warning (ext4): destination with the same identifier (name{equation.10})
 has been already used, duplicate ignored
<to be read again> 
                   \relax 
l.717 \begin{equation}
                      
pdfTeX warning (ext4): destination with the same identifier (name{equation.11})
 has been already used, duplicate ignored
<to be read again> 
                   \relax 
l.720 \begin{equation}
                      
pdfTeX warning (ext4): destination with the same identifier (name{equation.11})
 has been already used, duplicate ignored
<to be read again> 
                   \relax 
l.720 \begin{equation}
                      
pdfTeX warning (ext4): destination with the same identifier (name{equation.11})
 has been already used, duplicate ignored
<to be read again> 
                   \relax 
l.720 \begin{equation}
                      
pdfTeX warning (ext4): destination with the same identifier (name{equation.11})
 has been already used, duplicate ignored
<to be read again> 
                   \relax 
l.720 \begin{equation}
                      
Underfull \hbox (badness 10000) in paragraph at lines 722--739

 []


Underfull \hbox (badness 10000) in paragraph at lines 722--739

 []


Underfull \hbox (badness 10000) in paragraph at lines 722--739

 []


Underfull \hbox (badness 10000) in paragraph at lines 722--739

 []


Package hyperref Warning: Token not allowed in a PDF string (Unicode):
(hyperref)                removing `math shift' on input line 740.


Package hyperref Warning: Token not allowed in a PDF string (Unicode):
(hyperref)                removing `subscript' on input line 740.


Package hyperref Warning: Token not allowed in a PDF string (Unicode):
(hyperref)                removing `math shift' on input line 740.


Underfull \hbox (badness 10000) in paragraph at lines 742--747

 []




Underfull \vbox (badness 10000) has occurred while \output is active []

 [21]
pdfTeX warning (ext4): destination with the same identifier (name{equation.12})
 has been already used, duplicate ignored
<to be read again> 
                   \relax 
l.747 \begin{equation}
                      
pdfTeX warning (ext4): destination with the same identifier (name{equation.12})
 has been already used, duplicate ignored
<to be read again> 
                   \relax 
l.747 \begin{equation}
                      
pdfTeX warning (ext4): destination with the same identifier (name{equation.12})
 has been already used, duplicate ignored
<to be read again> 
                   \relax 
l.747 \begin{equation}
                      
pdfTeX warning (ext4): destination with the same identifier (name{equation.12})
 has been already used, duplicate ignored
<to be read again> 
                   \relax 
l.747 \begin{equation}
                      
pdfTeX warning (ext4): destination with the same identifier (name{equation.13})
 has been already used, duplicate ignored
<to be read again> 
                   \relax 
l.751 \begin{equation}
                      
pdfTeX warning (ext4): destination with the same identifier (name{equation.13})
 has been already used, duplicate ignored
<to be read again> 
                   \relax 
l.751 \begin{equation}
                      
pdfTeX warning (ext4): destination with the same identifier (name{equation.13})
 has been already used, duplicate ignored
<to be read again> 
                   \relax 
l.751 \begin{equation}
                      
pdfTeX warning (ext4): destination with the same identifier (name{equation.13})
 has been already used, duplicate ignored
<to be read again> 
                   \relax 
l.751 \begin{equation}
                      
Underfull \hbox (badness 10000) in paragraph at lines 753--761

 []


Underfull \hbox (badness 10000) in paragraph at lines 753--761

 []


pdfTeX warning (ext4): destination with the same identifier (name{equation.14})
 has been already used, duplicate ignored
<to be read again> 
                   \relax 
l.761 \begin{equation}
                      
pdfTeX warning (ext4): destination with the same identifier (name{equation.14})
 has been already used, duplicate ignored
<to be read again> 
                   \relax 
l.761 \begin{equation}
                      
pdfTeX warning (ext4): destination with the same identifier (name{equation.14})
 has been already used, duplicate ignored
<to be read again> 
                   \relax 
l.761 \begin{equation}
                      
pdfTeX warning (ext4): destination with the same identifier (name{equation.14})
 has been already used, duplicate ignored
<to be read again> 
                   \relax 
l.761 \begin{equation}
                      
Underfull \hbox (badness 10000) in paragraph at lines 763--770

 []


Underfull \hbox (badness 10000) in paragraph at lines 763--770

 []


Underfull \hbox (badness 10000) in paragraph at lines 763--770

 []


pdfTeX warning (ext4): destination with the same identifier (name{equation.15})
 has been already used, duplicate ignored
<to be read again> 
                   \relax 
l.770 \begin{equation}
                      
pdfTeX warning (ext4): destination with the same identifier (name{equation.15})
 has been already used, duplicate ignored
<to be read again> 
                   \relax 
l.770 \begin{equation}
                      
pdfTeX warning (ext4): destination with the same identifier (name{equation.15})
 has been already used, duplicate ignored
<to be read again> 
                   \relax 
l.770 \begin{equation}
                      
pdfTeX warning (ext4): destination with the same identifier (name{equation.15})
 has been already used, duplicate ignored
<to be read again> 
                   \relax 
l.770 \begin{equation}
                      
Overfull \hbox (97.85194pt too wide) detected at line 772
[][][]\OML/cmm/m/it/10.03749 `[]\OT1/cmr/m/n/10 (^^B[]) = [](\OML/cmm/m/it/10.0
3749 p\OT1/cmr/m/n/10 (\OML/cmm/m/it/10.03749 d[]\OMS/cmsy/m/n/10.03749 j\OML/c
mm/m/it/10.03749 ^^R[]; ^^R[]; ^^L[]; H[]\OT1/cmr/m/n/10 )) + []([1 \OMS/cmsy/m
/n/10.03749 ^^@ \OML/cmm/m/it/10.03749 C[]\OT1/cmr/m/n/10 (\OML/cmm/m/it/10.037
49 ^^R[]; ^^R[]\OT1/cmr/m/n/10 )]) + [](\OML/cmm/m/it/10.03749 ^^Y[]\OT1/cmr/m/
n/10 ) + [](\OML/cmm/m/it/10.03749 ^^Y[]\OT1/cmr/m/n/10 ) + [](\OML/cmm/m/it/10
.03749 ^^Y\OT1/cmr/m/n/10 (\OML/cmm/m/it/10.03749 ^^R[]; ^^R[]\OT1/cmr/m/n/10 )
)
 []


pdfTeX warning (ext4): destination with the same identifier (name{equation.16})
 has been already used, duplicate ignored
<to be read again> 
                   \relax 
l.773 \begin{equation}
                      
pdfTeX warning (ext4): destination with the same identifier (name{equation.16})
 has been already used, duplicate ignored
<to be read again> 
                   \relax 
l.773 \begin{equation}
                      
pdfTeX warning (ext4): destination with the same identifier (name{equation.16})
 has been already used, duplicate ignored
<to be read again> 
                   \relax 
l.773 \begin{equation}
                      
pdfTeX warning (ext4): destination with the same identifier (name{equation.16})
 has been already used, duplicate ignored
<to be read again> 
                   \relax 
l.773 \begin{equation}
                      
pdfTeX warning (ext4): destination with the same identifier (name{equation.17})
 has been already used, duplicate ignored
<to be read again> 
                   \relax 
l.776 \begin{equation}
                      
pdfTeX warning (ext4): destination with the same identifier (name{equation.17})
 has been already used, duplicate ignored
<to be read again> 
                   \relax 
l.776 \begin{equation}
                      
pdfTeX warning (ext4): destination with the same identifier (name{equation.17})
 has been already used, duplicate ignored
<to be read again> 
                   \relax 
l.776 \begin{equation}
                      
pdfTeX warning (ext4): destination with the same identifier (name{equation.17})
 has been already used, duplicate ignored
<to be read again> 
                   \relax 
l.776 \begin{equation}
                      
pdfTeX warning (ext4): destination with the same identifier (name{equation.18})
 has been already used, duplicate ignored
<to be read again> 
                   \relax 
l.779 \begin{equation}
                      
pdfTeX warning (ext4): destination with the same identifier (name{equation.18})
 has been already used, duplicate ignored
<to be read again> 
                   \relax 
l.779 \begin{equation}
                      
pdfTeX warning (ext4): destination with the same identifier (name{equation.18})
 has been already used, duplicate ignored
<to be read again> 
                   \relax 
l.779 \begin{equation}
                      
pdfTeX warning (ext4): destination with the same identifier (name{equation.18})
 has been already used, duplicate ignored
<to be read again> 
                   \relax 
l.779 \begin{equation}
                      
Underfull \hbox (badness 10000) in paragraph at lines 781--802

 []


Underfull \hbox (badness 10000) in paragraph at lines 781--802

 []


Underfull \hbox (badness 10000) in paragraph at lines 781--802

 []


Underfull \hbox (badness 10000) in paragraph at lines 781--802

 []


Underfull \hbox (badness 10000) in paragraph at lines 781--802

 []


Underfull \hbox (badness 10000) in paragraph at lines 781--802

 []




Underfull \vbox (badness 10000) has occurred while \output is active []

 [22]

Package hyperref Warning: Token not allowed in a PDF string (Unicode):
(hyperref)                removing `math shift' on input line 803.


Package hyperref Warning: Token not allowed in a PDF string (Unicode):
(hyperref)                removing `subscript' on input line 803.


Package hyperref Warning: Token not allowed in a PDF string (Unicode):
(hyperref)                removing `math shift' on input line 803.


pdfTeX warning (ext4): destination with the same identifier (name{equation.19})
 has been already used, duplicate ignored
<to be read again> 
                   \relax 
l.805 \begin{equation}
                      
pdfTeX warning (ext4): destination with the same identifier (name{equation.19})
 has been already used, duplicate ignored
<to be read again> 
                   \relax 
l.805 \begin{equation}
                      
pdfTeX warning (ext4): destination with the same identifier (name{equation.19})
 has been already used, duplicate ignored
<to be read again> 
                   \relax 
l.805 \begin{equation}
                      
pdfTeX warning (ext4): destination with the same identifier (name{equation.19})
 has been already used, duplicate ignored
<to be read again> 
                   \relax 
l.805 \begin{equation}
                      
pdfTeX warning (ext4): destination with the same identifier (name{equation.20})
 has been already used, duplicate ignored
<to be read again> 
                   \relax 
l.809 \begin{equation}
                      
pdfTeX warning (ext4): destination with the same identifier (name{equation.20})
 has been already used, duplicate ignored
<to be read again> 
                   \relax 
l.809 \begin{equation}
                      
pdfTeX warning (ext4): destination with the same identifier (name{equation.20})
 has been already used, duplicate ignored
<to be read again> 
                   \relax 
l.809 \begin{equation}
                      
pdfTeX warning (ext4): destination with the same identifier (name{equation.20})
 has been already used, duplicate ignored
<to be read again> 
                   \relax 
l.809 \begin{equation}
                      
pdfTeX warning (ext4): destination with the same identifier (name{equation.21})
 has been already used, duplicate ignored
<to be read again> 
                   \relax 
l.813 \begin{equation}
                      
pdfTeX warning (ext4): destination with the same identifier (name{equation.21})
 has been already used, duplicate ignored
<to be read again> 
                   \relax 
l.813 \begin{equation}
                      
pdfTeX warning (ext4): destination with the same identifier (name{equation.21})
 has been already used, duplicate ignored
<to be read again> 
                   \relax 
l.813 \begin{equation}
                      
pdfTeX warning (ext4): destination with the same identifier (name{equation.21})
 has been already used, duplicate ignored
<to be read again> 
                   \relax 
l.813 \begin{equation}
                      
pdfTeX warning (ext4): destination with the same identifier (name{equation.22})
 has been already used, duplicate ignored
<to be read again> 
                   \relax 
l.816 \begin{equation}
                      
pdfTeX warning (ext4): destination with the same identifier (name{equation.22})
 has been already used, duplicate ignored
<to be read again> 
                   \relax 
l.816 \begin{equation}
                      
pdfTeX warning (ext4): destination with the same identifier (name{equation.22})
 has been already used, duplicate ignored
<to be read again> 
                   \relax 
l.816 \begin{equation}
                      
pdfTeX warning (ext4): destination with the same identifier (name{equation.22})
 has been already used, duplicate ignored
<to be read again> 
                   \relax 
l.816 \begin{equation}
                      
pdfTeX warning (ext4): destination with the same identifier (name{equation.23})
 has been already used, duplicate ignored
<to be read again> 
                   \relax 
l.821 \begin{equation}
                      
pdfTeX warning (ext4): destination with the same identifier (name{equation.23})
 has been already used, duplicate ignored
<to be read again> 
                   \relax 
l.821 \begin{equation}
                      
pdfTeX warning (ext4): destination with the same identifier (name{equation.23})
 has been already used, duplicate ignored
<to be read again> 
                   \relax 
l.821 \begin{equation}
                      
pdfTeX warning (ext4): destination with the same identifier (name{equation.23})
 has been already used, duplicate ignored
<to be read again> 
                   \relax 
l.821 \begin{equation}
                      
pdfTeX warning (ext4): destination with the same identifier (name{equation.24})
 has been already used, duplicate ignored
<to be read again> 
                   \relax 
l.826 \begin{equation}
                      
pdfTeX warning (ext4): destination with the same identifier (name{equation.24})
 has been already used, duplicate ignored
<to be read again> 
                   \relax 
l.826 \begin{equation}
                      
pdfTeX warning (ext4): destination with the same identifier (name{equation.24})
 has been already used, duplicate ignored
<to be read again> 
                   \relax 
l.826 \begin{equation}
                      
pdfTeX warning (ext4): destination with the same identifier (name{equation.24})
 has been already used, duplicate ignored
<to be read again> 
                   \relax 
l.826 \begin{equation}
                      


Underfull \vbox (badness 10000) has occurred while \output is active []

 [23]
pdfTeX warning (ext4): destination with the same identifier (name{equation.25})
 has been already used, duplicate ignored
<to be read again> 
                   \relax 
l.830 \begin{equation}
                      
pdfTeX warning (ext4): destination with the same identifier (name{equation.25})
 has been already used, duplicate ignored
<to be read again> 
                   \relax 
l.830 \begin{equation}
                      
pdfTeX warning (ext4): destination with the same identifier (name{equation.25})
 has been already used, duplicate ignored
<to be read again> 
                   \relax 
l.830 \begin{equation}
                      
pdfTeX warning (ext4): destination with the same identifier (name{equation.25})
 has been already used, duplicate ignored
<to be read again> 
                   \relax 
l.830 \begin{equation}
                      
Underfull \hbox (badness 10000) in paragraph at lines 847--850

 []




Underfull \vbox (badness 10000) has occurred while \output is active []

 [24]
Underfull \hbox (badness 10000) in paragraph at lines 876--881

 []


Underfull \hbox (badness 10000) in paragraph at lines 892--896

 []




Underfull \vbox (badness 10000) has occurred while \output is active []

 [25]


Underfull \vbox (badness 10000) has occurred while \output is active []

 [26]
(main.aux)
 ***********
LaTeX2e <2026-06-01>
L3 programming layer <2026-06-18>
 ***********


LaTeX Font Warning: Size substitutions with differences
(Font)              up to 0.985pt have occurred.

Package rerunfilecheck Info: File `main.out' has not changed.
(rerunfilecheck)             Checksum: 51A7F208D4AE3F2A782BE130BB8A5C54;8974.
 ) 
Here is how much of TeX's memory you used:
 26899 strings out of 469424
 507075 string characters out of 5457290
 906093 words of memory out of 5000000
 55282 multiletter control sequences out of 15000+600000
 651183 words of font info for 133 fonts, out of 8000000 for 9000
 24 hyphenation exceptions out of 8191
 89i,13n,94p,968b,846s stack positions out of 10000i,1000n,20000p,200000b,200000s
</Users/natalieyyyyy/Library/Application Support/MiKTeX/texmfs/install/fonts/
type1/public/amsfonts/cm/cmbx10.pfb></Users/natalieyyyyy/Library/Application Su
pport/MiKTeX/texmfs/install/fonts/type1/public/amsfonts/cm/cmbx12.pfb></Users/n
atalieyyyyy/Library/Application Support/MiKTeX/texmfs/install/fonts/type1/publi
c/amsfonts/cm/cmbx8.pfb></Users/natalieyyyyy/Library/Application Support/MiKTeX
/texmfs/install/fonts/type1/public/amsfonts/cm/cmbx9.pfb></Users/natalieyyyyy/L
ibrary/Application Support/MiKTeX/texmfs/install/fonts/type1/public/amsfonts/cm
/cmex10.pfb></Users/natalieyyyyy/Library/Application Support/MiKTeX/texmfs/inst
all/fonts/type1/public/amsfonts/cm/cmmi10.pfb></Users/natalieyyyyy/Library/Appl
ication Support/MiKTeX/texmfs/install/fonts/type1/public/amsfonts/cm/cmmi12.pfb
></Users/natalieyyyyy/Library/Application Support/MiKTeX/texmfs/install/fonts/t
ype1/public/amsfonts/cm/cmmi5.pfb></Users/natalieyyyyy/Library/Application Supp
ort/MiKTeX/texmfs/install/fonts/type1/public/amsfonts/cm/cmmi6.pfb></Users/nata
lieyyyyy/Library/Application Support/MiKTeX/texmfs/install/fonts/type1/public/a
msfonts/cm/cmmi7.pfb></Users/natalieyyyyy/Library/Application Support/MiKTeX/te
xmfs/install/fonts/type1/public/amsfonts/cm/cmmi8.pfb></Users/natalieyyyyy/Libr
ary/Application Support/MiKTeX/texmfs/install/fonts/type1/public/amsfonts/cm/cm
mi9.pfb></Users/natalieyyyyy/Library/Application Support/MiKTeX/texmfs/install/
fonts/type1/public/amsfonts/cm/cmmib10.pfb></Users/natalieyyyyy/Library/Applica
tion Support/MiKTeX/texmfs/install/fonts/type1/public/amsfonts/cm/cmr10.pfb></U
sers/natalieyyyyy/Library/Application Support/MiKTeX/texmfs/install/fonts/type1
/public/amsfonts/cm/cmr12.pfb></Users/natalieyyyyy/Library/Application Support/
MiKTeX/texmfs/install/fonts/type1/public/amsfonts/cm/cmr17.pfb></Users/nataliey
yyyy/Library/Application Support/MiKTeX/texmfs/install/fonts/type1/public/amsfo
nts/cm/cmr5.pfb></Users/natalieyyyyy/Library/Application Support/MiKTeX/texmfs/
install/fonts/type1/public/amsfonts/cm/cmr6.pfb></Users/natalieyyyyy/Library/Ap
plication Support/MiKTeX/texmfs/install/fonts/type1/public/amsfonts/cm/cmr7.pfb
></Users/natalieyyyyy/Library/Application Support/MiKTeX/texmfs/install/fonts/t
ype1/public/amsfonts/cm/cmr8.pfb></Users/natalieyyyyy/Library/Application Suppo
rt/MiKTeX/texmfs/install/fonts/type1/public/amsfonts/cm/cmr9.pfb></Users/natali
eyyyyy/Library/Application Support/MiKTeX/texmfs/install/fonts/type1/public/ams
fonts/cm/cmsy10.pfb></Users/natalieyyyyy/Library/Application Support/MiKTeX/tex
mfs/install/fonts/type1/public/amsfonts/cm/cmsy5.pfb></Users/natalieyyyyy/Libra
ry/Application Support/MiKTeX/texmfs/install/fonts/type1/public/amsfonts/cm/cms
y6.pfb></Users/natalieyyyyy/Library/Application Support/MiKTeX/texmfs/install/f
onts/type1/public/amsfonts/cm/cmsy7.pfb></Users/natalieyyyyy/Library/Applicatio
n Support/MiKTeX/texmfs/install/fonts/type1/public/amsfonts/cm/cmsy8.pfb></User
s/natalieyyyyy/Library/Application Support/MiKTeX/texmfs/install/fonts/type1/ur
w/helvetic/uhvr8a.pfb>
Output written on main.pdf (26 pages, 4478651 bytes).
PDF statistics:
 808 PDF objects out of 1000 (max. 8388607)
 147 named destinations out of 1000 (max. 500000)
 380 words of extra memory for PDF output out of 10000 (max. 10000000)

